Archive member included to satisfy reference by file (symbol)

c:/st/stm32cubeide_1.10.1/stm32cubeide/plugins/com.st.stm32cube.ide.mcu.externaltools.gnu-tools-for-stm32.10.3-2021.10.win32_1.0.0.202111181127/tools/bin/../lib/gcc/arm-none-eabi/10.3.1/../../../../arm-none-eabi/lib/thumb/v7-m/nofp\libc_nano.a(lib_a-errno.o)
                              ./Core/Src/syscalls.o (__errno)
c:/st/stm32cubeide_1.10.1/stm32cubeide/plugins/com.st.stm32cube.ide.mcu.externaltools.gnu-tools-for-stm32.10.3-2021.10.win32_1.0.0.202111181127/tools/bin/../lib/gcc/arm-none-eabi/10.3.1/../../../../arm-none-eabi/lib/thumb/v7-m/nofp\libc_nano.a(lib_a-exit.o)
                              c:/st/stm32cubeide_1.10.1/stm32cubeide/plugins/com.st.stm32cube.ide.mcu.externaltools.gnu-tools-for-stm32.10.3-2021.10.win32_1.0.0.202111181127/tools/bin/../lib/gcc/arm-none-eabi/10.3.1/../../../../arm-none-eabi/lib/thumb/v7-m/nofp/crt0.o (exit)
c:/st/stm32cubeide_1.10.1/stm32cubeide/plugins/com.st.stm32cube.ide.mcu.externaltools.gnu-tools-for-stm32.10.3-2021.10.win32_1.0.0.202111181127/tools/bin/../lib/gcc/arm-none-eabi/10.3.1/../../../../arm-none-eabi/lib/thumb/v7-m/nofp\libc_nano.a(lib_a-impure.o)
                              c:/st/stm32cubeide_1.10.1/stm32cubeide/plugins/com.st.stm32cube.ide.mcu.externaltools.gnu-tools-for-stm32.10.3-2021.10.win32_1.0.0.202111181127/tools/bin/../lib/gcc/arm-none-eabi/10.3.1/../../../../arm-none-eabi/lib/thumb/v7-m/nofp\libc_nano.a(lib_a-exit.o) (_global_impure_ptr)
c:/st/stm32cubeide_1.10.1/stm32cubeide/plugins/com.st.stm32cube.ide.mcu.externaltools.gnu-tools-for-stm32.10.3-2021.10.win32_1.0.0.202111181127/tools/bin/../lib/gcc/arm-none-eabi/10.3.1/../../../../arm-none-eabi/lib/thumb/v7-m/nofp\libc_nano.a(lib_a-init.o)
                              c:/st/stm32cubeide_1.10.1/stm32cubeide/plugins/com.st.stm32cube.ide.mcu.externaltools.gnu-tools-for-stm32.10.3-2021.10.win32_1.0.0.202111181127/tools/bin/../lib/gcc/arm-none-eabi/10.3.1/../../../../arm-none-eabi/lib/thumb/v7-m/nofp/crt0.o (__libc_init_array)
c:/st/stm32cubeide_1.10.1/stm32cubeide/plugins/com.st.stm32cube.ide.mcu.externaltools.gnu-tools-for-stm32.10.3-2021.10.win32_1.0.0.202111181127/tools/bin/../lib/gcc/arm-none-eabi/10.3.1/../../../../arm-none-eabi/lib/thumb/v7-m/nofp\libc_nano.a(lib_a-malloc.o)
                              ./Core/Src/serial.o (malloc)
c:/st/stm32cubeide_1.10.1/stm32cubeide/plugins/com.st.stm32cube.ide.mcu.externaltools.gnu-tools-for-stm32.10.3-2021.10.win32_1.0.0.202111181127/tools/bin/../lib/gcc/arm-none-eabi/10.3.1/../../../../arm-none-eabi/lib/thumb/v7-m/nofp\libc_nano.a(lib_a-memcpy-stub.o)
                              ./Core/Src/serial.o (memcpy)
c:/st/stm32cubeide_1.10.1/stm32cubeide/plugins/com.st.stm32cube.ide.mcu.externaltools.gnu-tools-for-stm32.10.3-2021.10.win32_1.0.0.202111181127/tools/bin/../lib/gcc/arm-none-eabi/10.3.1/../../../../arm-none-eabi/lib/thumb/v7-m/nofp\libc_nano.a(lib_a-memset.o)
                              c:/st/stm32cubeide_1.10.1/stm32cubeide/plugins/com.st.stm32cube.ide.mcu.externaltools.gnu-tools-for-stm32.10.3-2021.10.win32_1.0.0.202111181127/tools/bin/../lib/gcc/arm-none-eabi/10.3.1/../../../../arm-none-eabi/lib/thumb/v7-m/nofp/crt0.o (memset)
c:/st/stm32cubeide_1.10.1/stm32cubeide/plugins/com.st.stm32cube.ide.mcu.externaltools.gnu-tools-for-stm32.10.3-2021.10.win32_1.0.0.202111181127/tools/bin/../lib/gcc/arm-none-eabi/10.3.1/../../../../arm-none-eabi/lib/thumb/v7-m/nofp\libc_nano.a(lib_a-nano-freer.o)
                              c:/st/stm32cubeide_1.10.1/stm32cubeide/plugins/com.st.stm32cube.ide.mcu.externaltools.gnu-tools-for-stm32.10.3-2021.10.win32_1.0.0.202111181127/tools/bin/../lib/gcc/arm-none-eabi/10.3.1/../../../../arm-none-eabi/lib/thumb/v7-m/nofp\libc_nano.a(lib_a-malloc.o) (_free_r)
c:/st/stm32cubeide_1.10.1/stm32cubeide/plugins/com.st.stm32cube.ide.mcu.externaltools.gnu-tools-for-stm32.10.3-2021.10.win32_1.0.0.202111181127/tools/bin/../lib/gcc/arm-none-eabi/10.3.1/../../../../arm-none-eabi/lib/thumb/v7-m/nofp\libc_nano.a(lib_a-nano-mallocr.o)
                              c:/st/stm32cubeide_1.10.1/stm32cubeide/plugins/com.st.stm32cube.ide.mcu.externaltools.gnu-tools-for-stm32.10.3-2021.10.win32_1.0.0.202111181127/tools/bin/../lib/gcc/arm-none-eabi/10.3.1/../../../../arm-none-eabi/lib/thumb/v7-m/nofp\libc_nano.a(lib_a-malloc.o) (_malloc_r)
c:/st/stm32cubeide_1.10.1/stm32cubeide/plugins/com.st.stm32cube.ide.mcu.externaltools.gnu-tools-for-stm32.10.3-2021.10.win32_1.0.0.202111181127/tools/bin/../lib/gcc/arm-none-eabi/10.3.1/../../../../arm-none-eabi/lib/thumb/v7-m/nofp\libc_nano.a(lib_a-sbrkr.o)
                              c:/st/stm32cubeide_1.10.1/stm32cubeide/plugins/com.st.stm32cube.ide.mcu.externaltools.gnu-tools-for-stm32.10.3-2021.10.win32_1.0.0.202111181127/tools/bin/../lib/gcc/arm-none-eabi/10.3.1/../../../../arm-none-eabi/lib/thumb/v7-m/nofp\libc_nano.a(lib_a-nano-mallocr.o) (_sbrk_r)
[...]
Memory Configuration

Name             Origin             Length             Attributes
RAM              0x0000000020000000 0x0000000000005000 xrw
FLASH            0x0000000008000000 0x0000000000010000 xr
*default*        0x0000000000000000 0xffffffffffffffff

Linker script and memory map

LOAD c:/st/stm32cubeide_1.10.1/stm32cubeide/plugins/com.st.stm32cube.ide.mcu.externaltools.gnu-tools-for-stm32.10.3-2021.10.win32_1.0.0.202111181127/tools/bin/../lib/gcc/arm-none-eabi/10.3.1/thumb/v7-m/nofp/crti.o
LOAD c:/st/stm32cubeide_1.10.1/stm32cubeide/plugins/com.st.stm32cube.ide.mcu.externaltools.gnu-tools-for-stm32.10.3-2021.10.win32_1.0.0.202111181127/tools/bin/../lib/gcc/arm-none-eabi/10.3.1/thumb/v7-m/nofp/crtbegin.o
LOAD c:/st/stm32cubeide_1.10.1/stm32cubeide/plugins/com.st.stm32cube.ide.mcu.externaltools.gnu-tools-for-stm32.10.3-2021.10.win32_1.0.0.202111181127/tools/bin/../lib/gcc/arm-none-eabi/10.3.1/../../../../arm-none-eabi/lib/thumb/v7-m/nofp/crt0.o
LOAD ./Core/Src/gpio.o
LOAD ./Core/Src/main.o
LOAD ./Core/Src/motor.o
LOAD ./Core/Src/pid.o
LOAD ./Core/Src/serial.o
LOAD ./Core/Src/stm32f1xx_hal_msp.o
LOAD ./Core/Src/stm32f1xx_it.o
LOAD ./Core/Src/syscalls.o
LOAD ./Core/Src/sysmem.o
LOAD ./Core/Src/system_stm32f1xx.o
LOAD ./Core/Src/tim.o
LOAD ./Core/Src/usart.o
LOAD ./Core/Startup/startup_stm32f103c8tx.o
LOAD ./Drivers/STM32F1xx_HAL_Driver/stm32f1xx_hal.o
LOAD ./Drivers/STM32F1xx_HAL_Driver/stm32f1xx_hal_cortex.o
LOAD ./Drivers/STM32F1xx_HAL_Driver/stm32f1xx_hal_dma.o
LOAD ./Drivers/STM32F1xx_HAL_Driver/stm32f1xx_hal_exti.o
LOAD ./Drivers/STM32F1xx_HAL_Driver/stm32f1xx_hal_flash.o
LOAD ./Drivers/STM32F1xx_HAL_Driver/stm32f1xx_hal_flash_ex.o
LOAD ./Drivers/STM32F1xx_HAL_Driver/stm32f1xx_hal_gpio.o
LOAD ./Drivers/STM32F1xx_HAL_Driver/stm32f1xx_hal_gpio_ex.o
LOAD ./Drivers/STM32F1xx_HAL_Driver/stm32f1xx_hal_pwr.o
LOAD ./Drivers/STM32F1xx_HAL_Driver/stm32f1xx_hal_rcc.o
LOAD ./Drivers/STM32F1xx_HAL_Driver/stm32f1xx_hal_rcc_ex.o
LOAD ./Drivers/STM32F1xx_HAL_Driver/stm32f1xx_hal_tim.o
LOAD ./Drivers/STM32F1xx_HAL_Driver/stm32f1xx_hal_tim_ex.o
LOAD ./Drivers/STM32F1xx_HAL_Driver/stm32f1xx_hal_uart.o
START GROUP
LOAD c:/st/stm32cubeide_1.10.1/stm32cubeide/plugins/com.st.stm32cube.ide.mcu.externaltools.gnu-tools-for-stm32.10.3-2021.10.win32_1.0.0.202111181127/tools/bin/../lib/gcc/arm-none-eabi/10.3.1/../../../../arm-none-eabi/lib/thumb/v7-m/nofp\libc_nano.a
LOAD c:/st/stm32cubeide_1.10.1/stm32cubeide/plugins/com.st.stm32cube.ide.mcu.externaltools.gnu-tools-for-stm32.10.3-2021.10.win32_1.0.0.202111181127/tools/bin/../lib/gcc/arm-none-eabi/10.3.1/../../../../arm-none-eabi/lib/thumb/v7-m/nofp\libm.a
END GROUP
START GROUP
LOAD c:/st/stm32cubeide_1.10.1/stm32cubeide/plugins/com.st.stm32cube.ide.mcu.externaltools.gnu-tools-for-stm32.10.3-2021.10.win32_1.0.0.202111181127/tools/bin/../lib/gcc/arm-none-eabi/10.3.1/thumb/v7-m/nofp\libgcc.a
LOAD c:/st/stm32cubeide_1.10.1/stm32cubeide/plugins/com.st.stm32cube.ide.mcu.externaltools.gnu-tools-for-stm32.10.3-2021.10.win32_1.0.0.202111181127/tools/bin/../lib/gcc/arm-none-eabi/10.3.1/../../../../arm-none-eabi/lib/thumb/v7-m/nofp\libc_nano.a
END GROUP
START GROUP
LOAD c:/st/stm32cubeide_1.10.1/stm32cubeide/plugins/com.st.stm32cube.ide.mcu.externaltools.gnu-tools-for-stm32.10.3-2021.10.win32_1.0.0.202111181127/tools/bin/../lib/gcc/arm-none-eabi/10.3.1/thumb/v7-m/nofp\libgcc.a
LOAD c:/st/stm32cubeide_1.10.1/stm32cubeide/plugins/com.st.stm32cube.ide.mcu.externaltools.gnu-tools-for-stm32.10.3-2021.10.win32_1.0.0.202111181127/tools/bin/../lib/gcc/arm-none-eabi/10.3.1/../../../../arm-none-eabi/lib/thumb/v7-m/nofp\libc_nano.a
LOAD c:/st/stm32cubeide_1.10.1/stm32cubeide/plugins/com.st.stm32cube.ide.mcu.externaltools.gnu-tools-for-stm32.10.3-2021.10.win32_1.0.0.202111181127/tools/bin/../lib/gcc/arm-none-eabi/10.3.1/../../../../arm-none-eabi/lib/thumb/v7-m/nofp\libnosys.a
END GROUP
START GROUP
LOAD c:/st/stm32cubeide_1.10.1/stm32cubeide/plugins/com.st.stm32cube.ide.mcu.externaltools.gnu-tools-for-stm32.10.3-2021.10.win32_1.0.0.202111181127/tools/bin/../lib/gcc/arm-none-eabi/10.3.1/thumb/v7-m/nofp\libgcc.a
LOAD c:/st/stm32cubeide_1.10.1/stm32cubeide/plugins/com.st.stm32cube.ide.mcu.externaltools.gnu-tools-for-stm32.10.3-2021.10.win32_1.0.0.202111181127/tools/bin/../lib/gcc/arm-none-eabi/10.3.1/../../../../arm-none-eabi/lib/thumb/v7-m/nofp\libc_nano.a
LOAD c:/st/stm32cubeide_1.10.1/stm32cubeide/plugins/com.st.stm32cube.ide.mcu.externaltools.gnu-tools-for-stm32.10.3-2021.10.win32_1.0.0.202111181127/tools/bin/../lib/gcc/arm-none-eabi/10.3.1/../../../../arm-none-eabi/lib/thumb/v7-m/nofp\libnosys.a
END GROUP
LOAD c:/st/stm32cubeide_1.10.1/stm32cubeide/plugins/com.st.stm32cube.ide.mcu.externaltools.gnu-tools-for-stm32.10.3-2021.10.win32_1.0.0.202111181127/tools/bin/../lib/gcc/arm-none-eabi/10.3.1/thumb/v7-m/nofp/crtend.o
LOAD c:/st/stm32cubeide_1.10.1/stm32cubeide/plugins/com.st.stm32cube.ide.mcu.externaltools.gnu-tools-for-stm32.10.3-2021.10.win32_1.0.0.202111181127/tools/bin/../lib/gcc/arm-none-eabi/10.3.1/thumb/v7-m/nofp/crtn.o
                0x0000000020005000                _estack = (ORIGIN (RAM) + LENGTH (RAM))
                0x0000000000000200                _Min_Heap_Size = 0x200
                0x0000000000000400                _Min_Stack_Size = 0x400

.isr_vector     0x0000000008000000      0x10c
                0x0000000008000000                . = ALIGN (0x4)
 *(.isr_vector)
 .isr_vector    0x0000000008000000      0x10c ./Core/Startup/startup_stm32f103c8tx.o
                0x0000000008000000                g_pfnVectors
                0x000000000800010c                . = ALIGN (0x4)

.text           0x0000000008000110     0x61ac
                0x0000000008000110                . = ALIGN (0x4)
 *(.text)
 .text          0x0000000008000110       0x40 c:/st/stm32cubeide_1.10.1/stm32cubeide/plugins/com.st.stm32cube.ide.mcu.externaltools.gnu-tools-for-stm32.10.3-2021.10.win32_1.0.0.202111181127/tools/bin/../lib/gcc/arm-none-eabi/10.3.1/thumb/v7-m/nofp/crtbegin.o
 .text          0x0000000008000150      0x378 c:/st/stm32cubeide_1.10.1/stm32cubeide/plugins/com.st.stm32cube.ide.mcu.externaltools.gnu-tools-for-stm32.10.3-2021.10.win32_1.0.0.202111181127/tools/bin/../lib/gcc/arm-none-eabi/10.3.1/thumb/v7-m/nofp\libgcc.a(_arm_addsubdf3.o)
                0x0000000008000150                __aeabi_drsub
                0x0000000008000158                __aeabi_dsub
                0x0000000008000158                __subdf3
                0x000000000800015c                __aeabi_dadd
                0x000000000800015c                __adddf3
                0x00000000080003d4                __floatunsidf
                0x00000000080003d4                __aeabi_ui2d
                0x00000000080003f4                __floatsidf
                0x00000000080003f4                __aeabi_i2d
                0x0000000008000418                __aeabi_f2d
                0x0000000008000418                __extendsfdf2
                0x000000000800045c                __floatundidf
                0x000000000800045c                __aeabi_ul2d
                0x000000000800046c                __floatdidf
                0x000000000800046c                __aeabi_l2d
 .text          0x00000000080004c8      0x424 c:/st/stm32cubeide_1.10.1/stm32cubeide/plugins/com.st.stm32cube.ide.mcu.externaltools.gnu-tools-for-stm32.10.3-2021.10.win32_1.0.0.202111181127/tools/bin/../lib/gcc/arm-none-eabi/10.3.1/thumb/v7-m/nofp\libgcc.a(_arm_muldivdf3.o)
                0x00000000080004c8                __aeabi_dmul
                0x00000000080004c8                __muldf3
                0x000000000800071c                __divdf3
                0x000000000800071c                __aeabi_ddiv
 .text          0x00000000080008ec      0x110 c:/st/stm32cubeide_1.10.1/stm32cubeide/plugins/com.st.stm32cube.ide.mcu.externaltools.gnu-tools-for-stm32.10.3-2021.10.win32_1.0.0.202111181127/tools/bin/../lib/gcc/arm-none-eabi/10.3.1/thumb/v7-m/nofp\libgcc.a(_arm_cmpdf2.o)
                0x00000000080008ec                __gtdf2
                0x00000000080008ec                __gedf2
                0x00000000080008f4                __ltdf2
                0x00000000080008f4                __ledf2
                0x00000000080008fc                __nedf2
                0x00000000080008fc                __eqdf2
                0x00000000080008fc                __cmpdf2
                0x0000000008000978                __aeabi_cdrcmple
                0x0000000008000988                __aeabi_cdcmpeq
                0x0000000008000988                __aeabi_cdcmple
                0x0000000008000998                __aeabi_dcmpeq
                0x00000000080009ac                __aeabi_dcmplt
                0x00000000080009c0                __aeabi_dcmple
                0x00000000080009d4                __aeabi_dcmpge
                0x00000000080009e8                __aeabi_dcmpgt
 .text          0x00000000080009fc       0x2c c:/st/stm32cubeide_1.10.1/stm32cubeide/plugins/com.st.stm32cube.ide.mcu.externaltools.gnu-tools-for-stm32.10.3-2021.10.win32_1.0.0.202111181127/tools/bin/../lib/gcc/arm-none-eabi/10.3.1/thumb/v7-m/nofp\libgcc.a(_arm_unorddf2.o)
                0x00000000080009fc                __unorddf2
                0x00000000080009fc                __aeabi_dcmpun
 .text          0x0000000008000a28       0xa0 c:/st/stm32cubeide_1.10.1/stm32cubeide/plugins/com.st.stm32cube.ide.mcu.externaltools.gnu-tools-for-stm32.10.3-2021.10.win32_1.0.0.202111181127/tools/bin/../lib/gcc/arm-none-eabi/10.3.1/thumb/v7-m/nofp\libgcc.a(_arm_truncdfsf2.o)
                0x0000000008000a28                __truncdfsf2
                0x0000000008000a28                __aeabi_d2f
 .text          0x0000000008000ac8      0x21c c:/st/stm32cubeide_1.10.1/stm32cubeide/plugins/com.st.stm32cube.ide.mcu.externaltools.gnu-tools-for-stm32.10.3-2021.10.win32_1.0.0.202111181127/tools/bin/../lib/gcc/arm-none-eabi/10.3.1/thumb/v7-m/nofp\libgcc.a(_arm_addsubsf3.o)
                0x0000000008000ac8                __aeabi_frsub
                0x0000000008000ad0                __subsf3
                0x0000000008000ad0                __aeabi_fsub
                0x0000000008000ad4                __aeabi_fadd
                0x0000000008000ad4                __addsf3
                0x0000000008000c34                __aeabi_ui2f
                0x0000000008000c34                __floatunsisf
                0x0000000008000c3c                __aeabi_i2f
                0x0000000008000c3c                __floatsisf
                0x0000000008000c58                __aeabi_ul2f
                0x0000000008000c58                __floatundisf
                0x0000000008000c68                __aeabi_l2f
                0x0000000008000c68                __floatdisf
 .text          0x0000000008000ce4      0x2a0 c:/st/stm32cubeide_1.10.1/stm32cubeide/plugins/com.st.stm32cube.ide.mcu.externaltools.gnu-tools-for-stm32.10.3-2021.10.win32_1.0.0.202111181127/tools/bin/../lib/gcc/arm-none-eabi/10.3.1/thumb/v7-m/nofp\libgcc.a(_arm_muldivsf3.o)
                0x0000000008000ce4                __mulsf3
                0x0000000008000ce4                __aeabi_fmul
                0x0000000008000e4c                __aeabi_fdiv
                0x0000000008000e4c                __divsf3
 .text          0x0000000008000f84       0xec c:/st/stm32cubeide_1.10.1/stm32cubeide/plugins/com.st.stm32cube.ide.mcu.externaltools.gnu-tools-for-stm32.10.3-2021.10.win32_1.0.0.202111181127/tools/bin/../lib/gcc/arm-none-eabi/10.3.1/thumb/v7-m/nofp\libgcc.a(_arm_cmpsf2.o)
                0x0000000008000f84                __gesf2
                0x0000000008000f84                __gtsf2
                0x0000000008000f8c                __lesf2
                0x0000000008000f8c                __ltsf2
                0x0000000008000f94                __nesf2
                0x0000000008000f94                __eqsf2
                0x0000000008000f94                __cmpsf2
                0x0000000008000ff4                __aeabi_cfrcmple
                0x0000000008000ffc                __aeabi_cfcmpeq
                0x0000000008000ffc                __aeabi_cfcmple
                0x000000000800100c                __aeabi_fcmpeq
                0x0000000008001020                __aeabi_fcmplt
                0x0000000008001034                __aeabi_fcmple
                0x0000000008001048                __aeabi_fcmpge
                0x000000000800105c                __aeabi_fcmpgt
 .text          0x0000000008001070       0x4c c:/st/stm32cubeide_1.10.1/stm32cubeide/plugins/com.st.stm32cube.ide.mcu.externaltools.gnu-tools-for-stm32.10.3-2021.10.win32_1.0.0.202111181127/tools/bin/../lib/gcc/arm-none-eabi/10.3.1/thumb/v7-m/nofp\libgcc.a(_arm_fixsfsi.o)
                0x0000000008001070                __aeabi_f2iz
                0x0000000008001070                __fixsfsi
 .text          0x00000000080010bc       0x40 c:/st/stm32cubeide_1.10.1/stm32cubeide/plugins/com.st.stm32cube.ide.mcu.externaltools.gnu-tools-for-stm32.10.3-2021.10.win32_1.0.0.202111181127/tools/bin/../lib/gcc/arm-none-eabi/10.3.1/thumb/v7-m/nofp\libgcc.a(_arm_fixunssfsi.o)
                0x00000000080010bc                __fixunssfsi
                0x00000000080010bc                __aeabi_f2uiz
 *(.text*)
 .text.MX_GPIO_Init
                0x00000000080010fc       0x98 ./Core/Src/gpio.o
                0x00000000080010fc                MX_GPIO_Init
 .text.main     0x0000000008001194      0x734 ./Core/Src/main.o
                0x0000000008001194                main
 .text.SystemClock_Config
                0x00000000080018c8       0x8a ./Core/Src/main.o
                0x00000000080018c8                SystemClock_Config
 *fill*         0x0000000008001952        0x2 
 .text.HAL_TIM_PeriodElapsedCallback
                0x0000000008001954       0x80 ./Core/Src/main.o
                0x0000000008001954                HAL_TIM_PeriodElapsedCallback
 .text.Error_Handler
                0x00000000080019d4        0xa ./Core/Src/main.o
                0x00000000080019d4                Error_Handler
 *fill*         0x00000000080019de        0x2 
 .text.MotorSetDir
                0x00000000080019e0       0x40 ./Core/Src/motor.o
                0x00000000080019e0                MotorSetDir
 .text.MotorSetDuty
                0x0000000008001a20       0x20 ./Core/Src/motor.o
                0x0000000008001a20                MotorSetDuty
 .text.MotorInit
                0x0000000008001a40       0x54 ./Core/Src/motor.o
                0x0000000008001a40                MotorInit
 .text.ConvertDegToPulse
                0x0000000008001a94       0x44 ./Core/Src/motor.o
                0x0000000008001a94                ConvertDegToPulse
 .text.ConvertPulseToDeg
                0x0000000008001ad8       0x40 ./Core/Src/motor.o
                0x0000000008001ad8                ConvertPulseToDeg
 .text.MotorGetPulse
                0x0000000008001b18       0x20 ./Core/Src/motor.o
                0x0000000008001b18                MotorGetPulse
 .text.MotorMovePos
                0x0000000008001b38      0x318 ./Core/Src/motor.o
                0x0000000008001b38                MotorMovePos
 .text.MotorTuning
                0x0000000008001e50       0xe8 ./Core/Src/motor.o
                0x0000000008001e50                MotorTuning
 .text.PIDReset
                0x0000000008001f38       0x30 ./Core/Src/pid.o
                0x0000000008001f38                PIDReset
 .text.PIDInit  0x0000000008001f68       0x3c ./Core/Src/pid.o
                0x0000000008001f68                PIDInit
 .text.PIDCompute
                0x0000000008001fa4       0xe0 ./Core/Src/pid.o
                0x0000000008001fa4                PIDCompute
 .text.StrCompare
                0x0000000008002084       0x46 ./Core/Src/serial.o
                0x0000000008002084                StrCompare
 *fill*         0x00000000080020ca        0x2 
 .text.SerialInit
                0x00000000080020cc       0x1c ./Core/Src/serial.o
                0x00000000080020cc                SerialInit
 .text.SerialAcceptReceive
                0x00000000080020e8       0x1c ./Core/Src/serial.o
                0x00000000080020e8                SerialAcceptReceive
 .text.SerialWriteComm
                0x0000000008002104       0xb4 ./Core/Src/serial.o
                0x0000000008002104                SerialWriteComm
 .text.HAL_MspInit
                0x00000000080021b8       0x64 ./Core/Src/stm32f1xx_hal_msp.o
                0x00000000080021b8                HAL_MspInit
 .text.NMI_Handler
                0x000000000800221c        0x6 ./Core/Src/stm32f1xx_it.o
                0x000000000800221c                NMI_Handler
 .text.HardFault_Handler
                0x0000000008002222        0x6 ./Core/Src/stm32f1xx_it.o
                0x0000000008002222                HardFault_Handler
 .text.MemManage_Handler
                0x0000000008002228        0x6 ./Core/Src/stm32f1xx_it.o
                0x0000000008002228                MemManage_Handler
 .text.BusFault_Handler
                0x000000000800222e        0x6 ./Core/Src/stm32f1xx_it.o
                0x000000000800222e                BusFault_Handler
 .text.UsageFault_Handler
                0x0000000008002234        0x6 ./Core/Src/stm32f1xx_it.o
                0x0000000008002234                UsageFault_Handler
 .text.SVC_Handler
                0x000000000800223a        0xc ./Core/Src/stm32f1xx_it.o
                0x000000000800223a                SVC_Handler
 .text.DebugMon_Handler
                0x0000000008002246        0xc ./Core/Src/stm32f1xx_it.o
                0x0000000008002246                DebugMon_Handler
 .text.PendSV_Handler
                0x0000000008002252        0xc ./Core/Src/stm32f1xx_it.o
                0x0000000008002252                PendSV_Handler
 .text.SysTick_Handler
                0x000000000800225e        0xc ./Core/Src/stm32f1xx_it.o
                0x000000000800225e                SysTick_Handler
 *fill*         0x000000000800226a        0x2 
 .text.TIM2_IRQHandler
                0x000000000800226c       0x14 ./Core/Src/stm32f1xx_it.o
                0x000000000800226c                TIM2_IRQHandler
 .text._sbrk    0x0000000008002280       0x6c ./Core/Src/sysmem.o
                0x0000000008002280                _sbrk
 .text.SystemInit
                0x00000000080022ec        0xc ./Core/Src/system_stm32f1xx.o
                0x00000000080022ec                SystemInit
 .text.MX_TIM2_Init
                0x00000000080022f8       0x98 ./Core/Src/tim.o
                0x00000000080022f8                MX_TIM2_Init
 .text.MX_TIM3_Init
                0x0000000008002390       0xb4 ./Core/Src/tim.o
                0x0000000008002390                MX_TIM3_Init
 .text.MX_TIM4_Init
                0x0000000008002444       0xa8 ./Core/Src/tim.o
                0x0000000008002444                MX_TIM4_Init
 .text.HAL_TIM_Base_MspInit
                0x00000000080024ec       0x48 ./Core/Src/tim.o
                0x00000000080024ec                HAL_TIM_Base_MspInit
 .text.HAL_TIM_PWM_MspInit
                0x0000000008002534       0x3c ./Core/Src/tim.o
                0x0000000008002534                HAL_TIM_PWM_MspInit
 .text.HAL_TIM_Encoder_MspInit
                0x0000000008002570       0x7c ./Core/Src/tim.o
                0x0000000008002570                HAL_TIM_Encoder_MspInit
 .text.HAL_TIM_MspPostInit
                0x00000000080025ec       0x64 ./Core/Src/tim.o
                0x00000000080025ec                HAL_TIM_MspPostInit
 .text.MX_USART1_UART_Init
                0x0000000008002650       0x54 ./Core/Src/usart.o
                0x0000000008002650                MX_USART1_UART_Init
 .text.HAL_UART_MspInit
                0x00000000080026a4       0x98 ./Core/Src/usart.o
                0x00000000080026a4                HAL_UART_MspInit
 .text.Reset_Handler
                0x000000000800273c       0x48 ./Core/Startup/startup_stm32f103c8tx.o
                0x000000000800273c                Reset_Handler
 .text.Default_Handler
                0x0000000008002784        0x2 ./Core/Startup/startup_stm32f103c8tx.o
                0x0000000008002784                RTC_Alarm_IRQHandler
                0x0000000008002784                EXTI2_IRQHandler
                0x0000000008002784                TIM1_CC_IRQHandler
                0x0000000008002784                PVD_IRQHandler
                0x0000000008002784                EXTI3_IRQHandler
                0x0000000008002784                EXTI0_IRQHandler
                0x0000000008002784                I2C2_EV_IRQHandler
                0x0000000008002784                ADC1_2_IRQHandler
                0x0000000008002784                SPI1_IRQHandler
                0x0000000008002784                TAMPER_IRQHandler
                0x0000000008002784                DMA1_Channel4_IRQHandler
                0x0000000008002784                USART3_IRQHandler
                0x0000000008002784                RTC_IRQHandler
                0x0000000008002784                DMA1_Channel7_IRQHandler
                0x0000000008002784                CAN1_RX1_IRQHandler
                0x0000000008002784                TIM4_IRQHandler
                0x0000000008002784                I2C1_EV_IRQHandler
                0x0000000008002784                DMA1_Channel6_IRQHandler
                0x0000000008002784                TIM3_IRQHandler
                0x0000000008002784                RCC_IRQHandler
                0x0000000008002784                TIM1_TRG_COM_IRQHandler
                0x0000000008002784                DMA1_Channel1_IRQHandler
                0x0000000008002784                Default_Handler
                0x0000000008002784                EXTI15_10_IRQHandler
                0x0000000008002784                EXTI9_5_IRQHandler
                0x0000000008002784                SPI2_IRQHandler
                0x0000000008002784                DMA1_Channel5_IRQHandler
                0x0000000008002784                EXTI4_IRQHandler
                0x0000000008002784                USB_LP_CAN1_RX0_IRQHandler
                0x0000000008002784                USB_HP_CAN1_TX_IRQHandler
                0x0000000008002784                DMA1_Channel3_IRQHandler
                0x0000000008002784                TIM1_UP_IRQHandler
                0x0000000008002784                WWDG_IRQHandler
                0x0000000008002784                TIM1_BRK_IRQHandler
                0x0000000008002784                EXTI1_IRQHandler
                0x0000000008002784                USART2_IRQHandler
                0x0000000008002784                I2C2_ER_IRQHandler
                0x0000000008002784                DMA1_Channel2_IRQHandler
                0x0000000008002784                CAN1_SCE_IRQHandler
                0x0000000008002784                FLASH_IRQHandler
                0x0000000008002784                USART1_IRQHandler
                0x0000000008002784                I2C1_ER_IRQHandler
                0x0000000008002784                USBWakeUp_IRQHandler
 *fill*         0x0000000008002786        0x2 
 .text.HAL_Init
                0x0000000008002788       0x2c ./Drivers/STM32F1xx_HAL_Driver/stm32f1xx_hal.o
                0x0000000008002788                HAL_Init
 .text.HAL_InitTick
                0x00000000080027b4       0x60 ./Drivers/STM32F1xx_HAL_Driver/stm32f1xx_hal.o
                0x00000000080027b4                HAL_InitTick
 .text.HAL_IncTick
                0x0000000008002814       0x24 ./Drivers/STM32F1xx_HAL_Driver/stm32f1xx_hal.o
                0x0000000008002814                HAL_IncTick
 .text.HAL_GetTick
                0x0000000008002838       0x14 ./Drivers/STM32F1xx_HAL_Driver/stm32f1xx_hal.o
                0x0000000008002838                HAL_GetTick
 .text.HAL_Delay
                0x000000000800284c       0x48 ./Drivers/STM32F1xx_HAL_Driver/stm32f1xx_hal.o
                0x000000000800284c                HAL_Delay
 .text.__NVIC_SetPriorityGrouping
                0x0000000008002894       0x48 ./Drivers/STM32F1xx_HAL_Driver/stm32f1xx_hal_cortex.o
 .text.__NVIC_GetPriorityGrouping
                0x00000000080028dc       0x1c ./Drivers/STM32F1xx_HAL_Driver/stm32f1xx_hal_cortex.o
 .text.__NVIC_EnableIRQ
                0x00000000080028f8       0x38 ./Drivers/STM32F1xx_HAL_Driver/stm32f1xx_hal_cortex.o
 .text.__NVIC_SetPriority
                0x0000000008002930       0x54 ./Drivers/STM32F1xx_HAL_Driver/stm32f1xx_hal_cortex.o
 .text.NVIC_EncodePriority
                0x0000000008002984       0x64 ./Drivers/STM32F1xx_HAL_Driver/stm32f1xx_hal_cortex.o
 .text.SysTick_Config
                0x00000000080029e8       0x44 ./Drivers/STM32F1xx_HAL_Driver/stm32f1xx_hal_cortex.o
 .text.HAL_NVIC_SetPriorityGrouping
                0x0000000008002a2c       0x16 ./Drivers/STM32F1xx_HAL_Driver/stm32f1xx_hal_cortex.o
                0x0000000008002a2c                HAL_NVIC_SetPriorityGrouping
 .text.HAL_NVIC_SetPriority
                0x0000000008002a42       0x38 ./Drivers/STM32F1xx_HAL_Driver/stm32f1xx_hal_cortex.o
                0x0000000008002a42                HAL_NVIC_SetPriority
 .text.HAL_NVIC_EnableIRQ
                0x0000000008002a7a       0x1c ./Drivers/STM32F1xx_HAL_Driver/stm32f1xx_hal_cortex.o
                0x0000000008002a7a                HAL_NVIC_EnableIRQ
 .text.HAL_SYSTICK_Config
                0x0000000008002a96       0x18 ./Drivers/STM32F1xx_HAL_Driver/stm32f1xx_hal_cortex.o
                0x0000000008002a96                HAL_SYSTICK_Config
 *fill*         0x0000000008002aae        0x2 
 .text.HAL_GPIO_Init
                0x0000000008002ab0      0x308 ./Drivers/STM32F1xx_HAL_Driver/stm32f1xx_hal_gpio.o
                0x0000000008002ab0                HAL_GPIO_Init
 .text.HAL_GPIO_WritePin
                0x0000000008002db8       0x30 ./Drivers/STM32F1xx_HAL_Driver/stm32f1xx_hal_gpio.o
                0x0000000008002db8                HAL_GPIO_WritePin
 .text.HAL_RCC_OscConfig
                0x0000000008002de8      0x504 ./Drivers/STM32F1xx_HAL_Driver/stm32f1xx_hal_rcc.o
                0x0000000008002de8                HAL_RCC_OscConfig
 .text.HAL_RCC_ClockConfig
                0x00000000080032ec      0x1d4 ./Drivers/STM32F1xx_HAL_Driver/stm32f1xx_hal_rcc.o
                0x00000000080032ec                HAL_RCC_ClockConfig
 .text.HAL_RCC_GetSysClockFreq
                0x00000000080034c0       0xbc ./Drivers/STM32F1xx_HAL_Driver/stm32f1xx_hal_rcc.o
                0x00000000080034c0                HAL_RCC_GetSysClockFreq
 .text.HAL_RCC_GetHCLKFreq
                0x000000000800357c       0x14 ./Drivers/STM32F1xx_HAL_Driver/stm32f1xx_hal_rcc.o
                0x000000000800357c                HAL_RCC_GetHCLKFreq
 .text.HAL_RCC_GetPCLK1Freq
                0x0000000008003590       0x28 ./Drivers/STM32F1xx_HAL_Driver/stm32f1xx_hal_rcc.o
                0x0000000008003590                HAL_RCC_GetPCLK1Freq
 .text.HAL_RCC_GetPCLK2Freq
                0x00000000080035b8       0x28 ./Drivers/STM32F1xx_HAL_Driver/stm32f1xx_hal_rcc.o
                0x00000000080035b8                HAL_RCC_GetPCLK2Freq
 .text.RCC_Delay
                0x00000000080035e0       0x3c ./Drivers/STM32F1xx_HAL_Driver/stm32f1xx_hal_rcc.o
 .text.HAL_TIM_Base_Init
                0x000000000800361c       0x9e ./Drivers/STM32F1xx_HAL_Driver/stm32f1xx_hal_tim.o
                0x000000000800361c                HAL_TIM_Base_Init
 *fill*         0x00000000080036ba        0x2 
 .text.HAL_TIM_Base_Start_IT
                0x00000000080036bc       0xa4 ./Drivers/STM32F1xx_HAL_Driver/stm32f1xx_hal_tim.o
                0x00000000080036bc                HAL_TIM_Base_Start_IT
 .text.HAL_TIM_PWM_Init
                0x0000000008003760       0x9e ./Drivers/STM32F1xx_HAL_Driver/stm32f1xx_hal_tim.o
                0x0000000008003760                HAL_TIM_PWM_Init
 *fill*         0x00000000080037fe        0x2 
 .text.HAL_TIM_PWM_Start
                0x0000000008003800      0x144 ./Drivers/STM32F1xx_HAL_Driver/stm32f1xx_hal_tim.o
                0x0000000008003800                HAL_TIM_PWM_Start
 .text.HAL_TIM_Encoder_Init
                0x0000000008003944      0x144 ./Drivers/STM32F1xx_HAL_Driver/stm32f1xx_hal_tim.o
                0x0000000008003944                HAL_TIM_Encoder_Init
 .text.HAL_TIM_Encoder_Start
                0x0000000008003a88      0x11c ./Drivers/STM32F1xx_HAL_Driver/stm32f1xx_hal_tim.o
                0x0000000008003a88                HAL_TIM_Encoder_Start
 .text.HAL_TIM_IRQHandler
                0x0000000008003ba4      0x210 ./Drivers/STM32F1xx_HAL_Driver/stm32f1xx_hal_tim.o
                0x0000000008003ba4                HAL_TIM_IRQHandler
 .text.HAL_TIM_PWM_ConfigChannel
                0x0000000008003db4      0x17c ./Drivers/STM32F1xx_HAL_Driver/stm32f1xx_hal_tim.o
                0x0000000008003db4                HAL_TIM_PWM_ConfigChannel
 .text.HAL_TIM_ConfigClockSource
                0x0000000008003f30      0x188 ./Drivers/STM32F1xx_HAL_Driver/stm32f1xx_hal_tim.o
                0x0000000008003f30                HAL_TIM_ConfigClockSource
 .text.HAL_TIM_OC_DelayElapsedCallback
                0x00000000080040b8       0x12 ./Drivers/STM32F1xx_HAL_Driver/stm32f1xx_hal_tim.o
                0x00000000080040b8                HAL_TIM_OC_DelayElapsedCallback
 .text.HAL_TIM_IC_CaptureCallback
                0x00000000080040ca       0x12 ./Drivers/STM32F1xx_HAL_Driver/stm32f1xx_hal_tim.o
                0x00000000080040ca                HAL_TIM_IC_CaptureCallback
 .text.HAL_TIM_PWM_PulseFinishedCallback
                0x00000000080040dc       0x12 ./Drivers/STM32F1xx_HAL_Driver/stm32f1xx_hal_tim.o
                0x00000000080040dc                HAL_TIM_PWM_PulseFinishedCallback
 .text.HAL_TIM_TriggerCallback
                0x00000000080040ee       0x12 ./Drivers/STM32F1xx_HAL_Driver/stm32f1xx_hal_tim.o
                0x00000000080040ee                HAL_TIM_TriggerCallback
 .text.TIM_Base_SetConfig
                0x0000000008004100       0xc4 ./Drivers/STM32F1xx_HAL_Driver/stm32f1xx_hal_tim.o
                0x0000000008004100                TIM_Base_SetConfig
 .text.TIM_OC1_SetConfig
                0x00000000080041c4       0xcc ./Drivers/STM32F1xx_HAL_Driver/stm32f1xx_hal_tim.o
 .text.TIM_OC2_SetConfig
                0x0000000008004290       0xd4 ./Drivers/STM32F1xx_HAL_Driver/stm32f1xx_hal_tim.o
                0x0000000008004290                TIM_OC2_SetConfig
 .text.TIM_OC3_SetConfig
                0x0000000008004364       0xd4 ./Drivers/STM32F1xx_HAL_Driver/stm32f1xx_hal_tim.o
 .text.TIM_OC4_SetConfig
                0x0000000008004438       0x9c ./Drivers/STM32F1xx_HAL_Driver/stm32f1xx_hal_tim.o
 .text.TIM_TI1_ConfigInputStage
                0x00000000080044d4       0x5c ./Drivers/STM32F1xx_HAL_Driver/stm32f1xx_hal_tim.o
 .text.TIM_TI2_ConfigInputStage
                0x0000000008004530       0x5e ./Drivers/STM32F1xx_HAL_Driver/stm32f1xx_hal_tim.o
 .text.TIM_ITRx_SetConfig
                0x000000000800458e       0x34 ./Drivers/STM32F1xx_HAL_Driver/stm32f1xx_hal_tim.o
 .text.TIM_ETR_SetConfig
                0x00000000080045c2       0x3e ./Drivers/STM32F1xx_HAL_Driver/stm32f1xx_hal_tim.o
                0x00000000080045c2                TIM_ETR_SetConfig
 .text.TIM_CCxChannelCmd
                0x0000000008004600       0x48 ./Drivers/STM32F1xx_HAL_Driver/stm32f1xx_hal_tim.o
                0x0000000008004600                TIM_CCxChannelCmd
 .text.HAL_TIMEx_MasterConfigSynchronization
                0x0000000008004648       0xbc ./Drivers/STM32F1xx_HAL_Driver/stm32f1xx_hal_tim_ex.o
                0x0000000008004648                HAL_TIMEx_MasterConfigSynchronization
 .text.HAL_TIMEx_CommutCallback
                0x0000000008004704       0x12 ./Drivers/STM32F1xx_HAL_Driver/stm32f1xx_hal_tim_ex.o
                0x0000000008004704                HAL_TIMEx_CommutCallback
 .text.HAL_TIMEx_BreakCallback
                0x0000000008004716       0x12 ./Drivers/STM32F1xx_HAL_Driver/stm32f1xx_hal_tim_ex.o
                0x0000000008004716                HAL_TIMEx_BreakCallback
 .text.HAL_UART_Init
                0x0000000008004728       0x9a ./Drivers/STM32F1xx_HAL_Driver/stm32f1xx_hal_uart.o
                0x0000000008004728                HAL_UART_Init
 .text.HAL_UART_Transmit
                0x00000000080047c2      0x124 ./Drivers/STM32F1xx_HAL_Driver/stm32f1xx_hal_uart.o
                0x00000000080047c2                HAL_UART_Transmit
 .text.HAL_UART_Receive_IT
                0x00000000080048e6       0x60 ./Drivers/STM32F1xx_HAL_Driver/stm32f1xx_hal_uart.o
                0x00000000080048e6                HAL_UART_Receive_IT
 .text.UART_WaitOnFlagUntilTimeout
                0x0000000008004946       0x94 ./Drivers/STM32F1xx_HAL_Driver/stm32f1xx_hal_uart.o
 .text.UART_Start_Receive_IT
                0x00000000080049da       0x72 ./Drivers/STM32F1xx_HAL_Driver/stm32f1xx_hal_uart.o
                0x00000000080049da                UART_Start_Receive_IT
 .text.UART_SetConfig
                0x0000000008004a4c      0x11c ./Drivers/STM32F1xx_HAL_Driver/stm32f1xx_hal_uart.o
 .text.__errno  0x0000000008004b68        0xc c:/st/stm32cubeide_1.10.1/stm32cubeide/plugins/com.st.stm32cube.ide.mcu.externaltools.gnu-tools-for-stm32.10.3-2021.10.win32_1.0.0.202111181127/tools/bin/../lib/gcc/arm-none-eabi/10.3.1/../../../../arm-none-eabi/lib/thumb/v7-m/nofp\libc_nano.a(lib_a-errno.o)
                0x0000000008004b68                __errno
 .text.__libc_init_array
                0x0000000008004b74       0x48 c:/st/stm32cubeide_1.10.1/stm32cubeide/plugins/com.st.stm32cube.ide.mcu.externaltools.gnu-tools-for-stm32.10.3-2021.10.win32_1.0.0.202111181127/tools/bin/../lib/gcc/arm-none-eabi/10.3.1/../../../../arm-none-eabi/lib/thumb/v7-m/nofp\libc_nano.a(lib_a-init.o)
                0x0000000008004b74                __libc_init_array
 .text.malloc   0x0000000008004bbc       0x10 c:/st/stm32cubeide_1.10.1/stm32cubeide/plugins/com.st.stm32cube.ide.mcu.externaltools.gnu-tools-for-stm32.10.3-2021.10.win32_1.0.0.202111181127/tools/bin/../lib/gcc/arm-none-eabi/10.3.1/../../../../arm-none-eabi/lib/thumb/v7-m/nofp\libc_nano.a(lib_a-malloc.o)
                0x0000000008004bbc                malloc
 .text.free     0x0000000008004bcc       0x10 c:/st/stm32cubeide_1.10.1/stm32cubeide/plugins/com.st.stm32cube.ide.mcu.externaltools.gnu-tools-for-stm32.10.3-2021.10.win32_1.0.0.202111181127/tools/bin/../lib/gcc/arm-none-eabi/10.3.1/../../../../arm-none-eabi/lib/thumb/v7-m/nofp\libc_nano.a(lib_a-malloc.o)
                0x0000000008004bcc                free
 .text.memcpy   0x0000000008004bdc       0x1c c:/st/stm32cubeide_1.10.1/stm32cubeide/plugins/com.st.stm32cube.ide.mcu.externaltools.gnu-tools-for-stm32.10.3-2021.10.win32_1.0.0.202111181127/tools/bin/../lib/gcc/arm-none-eabi/10.3.1/../../../../arm-none-eabi/lib/thumb/v7-m/nofp\libc_nano.a(lib_a-memcpy-stub.o)
                0x0000000008004bdc                memcpy
 .text.memset   0x0000000008004bf8       0x10 c:/st/stm32cubeide_1.10.1/stm32cubeide/plugins/com.st.stm32cube.ide.mcu.externaltools.gnu-tools-for-stm32.10.3-2021.10.win32_1.0.0.202111181127/tools/bin/../lib/gcc/arm-none-eabi/10.3.1/../../../../arm-none-eabi/lib/thumb/v7-m/nofp\libc_nano.a(lib_a-memset.o)
                0x0000000008004bf8                memset
 .text._free_r  0x0000000008004c08       0x90 c:/st/stm32cubeide_1.10.1/stm32cubeide/plugins/com.st.stm32cube.ide.mcu.externaltools.gnu-tools-for-stm32.10.3-2021.10.win32_1.0.0.202111181127/tools/bin/../lib/gcc/arm-none-eabi/10.3.1/../../../../arm-none-eabi/lib/thumb/v7-m/nofp\libc_nano.a(lib_a-nano-freer.o)
                0x0000000008004c08                _free_r
 .text.sbrk_aligned
                0x0000000008004c98       0x40 c:/st/stm32cubeide_1.10.1/stm32cubeide/plugins/com.st.stm32cube.ide.mcu.externaltools.gnu-tools-for-stm32.10.3-2021.10.win32_1.0.0.202111181127/tools/bin/../lib/gcc/arm-none-eabi/10.3.1/../../../../arm-none-eabi/lib/thumb/v7-m/nofp\libc_nano.a(lib_a-nano-mallocr.o)
 .text._malloc_r
                0x0000000008004cd8       0xe8 c:/st/stm32cubeide_1.10.1/stm32cubeide/plugins/com.st.stm32cube.ide.mcu.externaltools.gnu-tools-for-stm32.10.3-2021.10.win32_1.0.0.202111181127/tools/bin/../lib/gcc/arm-none-eabi/10.3.1/../../../../arm-none-eabi/lib/thumb/v7-m/nofp\libc_nano.a(lib_a-nano-mallocr.o)
                0x0000000008004cd8                _malloc_r
 .text._sbrk_r  0x0000000008004dc0       0x20 c:/st/stm32cubeide_1.10.1/stm32cubeide/plugins/com.st.stm32cube.ide.mcu.externaltools.gnu-tools-for-stm32.10.3-2021.10.win32_1.0.0.202111181127/tools/bin/../lib/gcc/arm-none-eabi/10.3.1/../../../../arm-none-eabi/lib/thumb/v7-m/nofp\libc_nano.a(lib_a-sbrkr.o)
                0x0000000008004dc0                _sbrk_r
 .text.sprintf  0x0000000008004de0       0x40 c:/st/stm32cubeide_1.10.1/stm32cubeide/plugins/com.st.stm32cube.ide.mcu.externaltools.gnu-tools-for-stm32.10.3-2021.10.win32_1.0.0.202111181127/tools/bin/../lib/gcc/arm-none-eabi/10.3.1/../../../../arm-none-eabi/lib/thumb/v7-m/nofp\libc_nano.a(lib_a-sprintf.o)
                0x0000000008004de0                siprintf
                0x0000000008004de0                sprintf
 .text.__malloc_lock
                0x0000000008004e20        0xc c:/st/stm32cubeide_1.10.1/stm32cubeide/plugins/com.st.stm32cube.ide.mcu.externaltools.gnu-tools-for-stm32.10.3-2021.10.win32_1.0.0.202111181127/tools/bin/../lib/gcc/arm-none-eabi/10.3.1/../../../../arm-none-eabi/lib/thumb/v7-m/nofp\libc_nano.a(lib_a-mlock.o)
                0x0000000008004e20                __malloc_lock
 .text.__malloc_unlock
                0x0000000008004e2c        0xc c:/st/stm32cubeide_1.10.1/stm32cubeide/plugins/com.st.stm32cube.ide.mcu.externaltools.gnu-tools-for-stm32.10.3-2021.10.win32_1.0.0.202111181127/tools/bin/../lib/gcc/arm-none-eabi/10.3.1/../../../../arm-none-eabi/lib/thumb/v7-m/nofp\libc_nano.a(lib_a-mlock.o)
                0x0000000008004e2c                __malloc_unlock
 .text.__ssputs_r
                0x0000000008004e38       0xb6 c:/st/stm32cubeide_1.10.1/stm32cubeide/plugins/com.st.stm32cube.ide.mcu.externaltools.gnu-tools-for-stm32.10.3-2021.10.win32_1.0.0.202111181127/tools/bin/../lib/gcc/arm-none-eabi/10.3.1/../../../../arm-none-eabi/lib/thumb/v7-m/nofp\libc_nano.a(lib_a-nano-svfprintf.o)
                0x0000000008004e38                __ssputs_r
 *fill*         0x0000000008004eee        0x2 
 .text._svfprintf_r
                0x0000000008004ef0      0x200 c:/st/stm32cubeide_1.10.1/stm32cubeide/plugins/com.st.stm32cube.ide.mcu.externaltools.gnu-tools-for-stm32.10.3-2021.10.win32_1.0.0.202111181127/tools/bin/../lib/gcc/arm-none-eabi/10.3.1/../../../../arm-none-eabi/lib/thumb/v7-m/nofp\libc_nano.a(lib_a-nano-svfprintf.o)
                0x0000000008004ef0                _svfiprintf_r
                0x0000000008004ef0                _svfprintf_r
 .text._printf_common
                0x00000000080050f0       0xde c:/st/stm32cubeide_1.10.1/stm32cubeide/plugins/com.st.stm32cube.ide.mcu.externaltools.gnu-tools-for-stm32.10.3-2021.10.win32_1.0.0.202111181127/tools/bin/../lib/gcc/arm-none-eabi/10.3.1/../../../../arm-none-eabi/lib/thumb/v7-m/nofp\libc_nano.a(lib_a-nano-vfprintf_i.o)
                0x00000000080050f0                _printf_common
 *fill*         0x00000000080051ce        0x2 
 .text._printf_i
                0x00000000080051d0      0x24c c:/st/stm32cubeide_1.10.1/stm32cubeide/plugins/com.st.stm32cube.ide.mcu.externaltools.gnu-tools-for-stm32.10.3-2021.10.win32_1.0.0.202111181127/tools/bin/../lib/gcc/arm-none-eabi/10.3.1/../../../../arm-none-eabi/lib/thumb/v7-m/nofp\libc_nano.a(lib_a-nano-vfprintf_i.o)
                0x00000000080051d0                _printf_i
 .text.__retarget_lock_acquire_recursive
                0x000000000800541c        0x2 c:/st/stm32cubeide_1.10.1/stm32cubeide/plugins/com.st.stm32cube.ide.mcu.externaltools.gnu-tools-for-stm32.10.3-2021.10.win32_1.0.0.202111181127/tools/bin/../lib/gcc/arm-none-eabi/10.3.1/../../../../arm-none-eabi/lib/thumb/v7-m/nofp\libc_nano.a(lib_a-lock.o)
                0x000000000800541c                __retarget_lock_acquire_recursive
 .text.__retarget_lock_release_recursive
                0x000000000800541e        0x2 c:/st/stm32cubeide_1.10.1/stm32cubeide/plugins/com.st.stm32cube.ide.mcu.externaltools.gnu-tools-for-stm32.10.3-2021.10.win32_1.0.0.202111181127/tools/bin/../lib/gcc/arm-none-eabi/10.3.1/../../../../arm-none-eabi/lib/thumb/v7-m/nofp\libc_nano.a(lib_a-lock.o)
                0x000000000800541e                __retarget_lock_release_recursive
 .text.memchr   0x0000000008005420       0x1c c:/st/stm32cubeide_1.10.1/stm32cubeide/plugins/com.st.stm32cube.ide.mcu.externaltools.gnu-tools-for-stm32.10.3-2021.10.win32_1.0.0.202111181127/tools/bin/../lib/gcc/arm-none-eabi/10.3.1/../../../../arm-none-eabi/lib/thumb/v7-m/nofp\libc_nano.a(lib_a-memchr-stub.o)
                0x0000000008005420                memchr
 .text.memmove  0x000000000800543c       0x34 c:/st/stm32cubeide_1.10.1/stm32cubeide/plugins/com.st.stm32cube.ide.mcu.externaltools.gnu-tools-for-stm32.10.3-2021.10.win32_1.0.0.202111181127/tools/bin/../lib/gcc/arm-none-eabi/10.3.1/../../../../arm-none-eabi/lib/thumb/v7-m/nofp\libc_nano.a(lib_a-memmove.o)
                0x000000000800543c                memmove
 .text._realloc_r
                0x0000000008005470       0x5e c:/st/stm32cubeide_1.10.1/stm32cubeide/plugins/com.st.stm32cube.ide.mcu.externaltools.gnu-tools-for-stm32.10.3-2021.10.win32_1.0.0.202111181127/tools/bin/../lib/gcc/arm-none-eabi/10.3.1/../../../../arm-none-eabi/lib/thumb/v7-m/nofp\libc_nano.a(lib_a-nano-reallocr.o)
                0x0000000008005470                _realloc_r
 .text._malloc_usable_size_r
                0x00000000080054ce       0x10 c:/st/stm32cubeide_1.10.1/stm32cubeide/plugins/com.st.stm32cube.ide.mcu.externaltools.gnu-tools-for-stm32.10.3-2021.10.win32_1.0.0.202111181127/tools/bin/../lib/gcc/arm-none-eabi/10.3.1/../../../../arm-none-eabi/lib/thumb/v7-m/nofp\libc_nano.a(lib_a-nano-msizer.o)
                0x00000000080054ce                _malloc_usable_size_r
 *fill*         0x00000000080054de        0x2 
 .text.pow      0x00000000080054e0       0xd0 c:/st/stm32cubeide_1.10.1/stm32cubeide/plugins/com.st.stm32cube.ide.mcu.externaltools.gnu-tools-for-stm32.10.3-2021.10.win32_1.0.0.202111181127/tools/bin/../lib/gcc/arm-none-eabi/10.3.1/../../../../arm-none-eabi/lib/thumb/v7-m/nofp\libm.a(lib_a-w_pow.o)
                0x00000000080054e0                pow
 .text.__ieee754_pow
                0x00000000080055b0      0xa2c c:/st/stm32cubeide_1.10.1/stm32cubeide/plugins/com.st.stm32cube.ide.mcu.externaltools.gnu-tools-for-stm32.10.3-2021.10.win32_1.0.0.202111181127/tools/bin/../lib/gcc/arm-none-eabi/10.3.1/../../../../arm-none-eabi/lib/thumb/v7-m/nofp\libm.a(lib_a-e_pow.o)
                0x00000000080055b0                __ieee754_pow
 .text.__ieee754_sqrt
                0x0000000008005fdc      0x160 c:/st/stm32cubeide_1.10.1/stm32cubeide/plugins/com.st.stm32cube.ide.mcu.externaltools.gnu-tools-for-stm32.10.3-2021.10.win32_1.0.0.202111181127/tools/bin/../lib/gcc/arm-none-eabi/10.3.1/../../../../arm-none-eabi/lib/thumb/v7-m/nofp\libm.a(lib_a-e_sqrt.o)
                0x0000000008005fdc                __ieee754_sqrt
 .text.with_errno
                0x000000000800613c       0x14 c:/st/stm32cubeide_1.10.1/stm32cubeide/plugins/com.st.stm32cube.ide.mcu.externaltools.gnu-tools-for-stm32.10.3-2021.10.win32_1.0.0.202111181127/tools/bin/../lib/gcc/arm-none-eabi/10.3.1/../../../../arm-none-eabi/lib/thumb/v7-m/nofp\libm.a(lib_a-math_err.o)
 .text.xflow    0x0000000008006150       0x30 c:/st/stm32cubeide_1.10.1/stm32cubeide/plugins/com.st.stm32cube.ide.mcu.externaltools.gnu-tools-for-stm32.10.3-2021.10.win32_1.0.0.202111181127/tools/bin/../lib/gcc/arm-none-eabi/10.3.1/../../../../arm-none-eabi/lib/thumb/v7-m/nofp\libm.a(lib_a-math_err.o)
 .text.__math_uflow
                0x0000000008006180        0xa c:/st/stm32cubeide_1.10.1/stm32cubeide/plugins/com.st.stm32cube.ide.mcu.externaltools.gnu-tools-for-stm32.10.3-2021.10.win32_1.0.0.202111181127/tools/bin/../lib/gcc/arm-none-eabi/10.3.1/../../../../arm-none-eabi/lib/thumb/v7-m/nofp\libm.a(lib_a-math_err.o)
                0x0000000008006180                __math_uflow
 .text.__math_oflow
                0x000000000800618a        0xa c:/st/stm32cubeide_1.10.1/stm32cubeide/plugins/com.st.stm32cube.ide.mcu.externaltools.gnu-tools-for-stm32.10.3-2021.10.win32_1.0.0.202111181127/tools/bin/../lib/gcc/arm-none-eabi/10.3.1/../../../../arm-none-eabi/lib/thumb/v7-m/nofp\libm.a(lib_a-math_err.o)
                0x000000000800618a                __math_oflow
 .text.fabs     0x0000000008006194        0x6 c:/st/stm32cubeide_1.10.1/stm32cubeide/plugins/com.st.stm32cube.ide.mcu.externaltools.gnu-tools-for-stm32.10.3-2021.10.win32_1.0.0.202111181127/tools/bin/../lib/gcc/arm-none-eabi/10.3.1/../../../../arm-none-eabi/lib/thumb/v7-m/nofp\libm.a(lib_a-s_fabs.o)
                0x0000000008006194                fabs
 .text.finite   0x000000000800619a        0xc c:/st/stm32cubeide_1.10.1/stm32cubeide/plugins/com.st.stm32cube.ide.mcu.externaltools.gnu-tools-for-stm32.10.3-2021.10.win32_1.0.0.202111181127/tools/bin/../lib/gcc/arm-none-eabi/10.3.1/../../../../arm-none-eabi/lib/thumb/v7-m/nofp\libm.a(lib_a-s_finite.o)
                0x000000000800619a                finite
 *fill*         0x00000000080061a6        0x2 
 .text.scalbn   0x00000000080061a8       0xfc c:/st/stm32cubeide_1.10.1/stm32cubeide/plugins/com.st.stm32cube.ide.mcu.externaltools.gnu-tools-for-stm32.10.3-2021.10.win32_1.0.0.202111181127/tools/bin/../lib/gcc/arm-none-eabi/10.3.1/../../../../arm-none-eabi/lib/thumb/v7-m/nofp\libm.a(lib_a-s_scalbn.o)
                0x00000000080061a8                scalbn
 *(.glue_7)
 .glue_7        0x00000000080062a4        0x0 linker stubs
 *(.glue_7t)
 .glue_7t       0x00000000080062a4        0x0 linker stubs
 *(.eh_frame)
 .eh_frame      0x00000000080062a4        0x0 c:/st/stm32cubeide_1.10.1/stm32cubeide/plugins/com.st.stm32cube.ide.mcu.externaltools.gnu-tools-for-stm32.10.3-2021.10.win32_1.0.0.202111181127/tools/bin/../lib/gcc/arm-none-eabi/10.3.1/thumb/v7-m/nofp/crtbegin.o
 *(.init)
 .init          0x00000000080062a4        0x4 c:/st/stm32cubeide_1.10.1/stm32cubeide/plugins/com.st.stm32cube.ide.mcu.externaltools.gnu-tools-for-stm32.10.3-2021.10.win32_1.0.0.202111181127/tools/bin/../lib/gcc/arm-none-eabi/10.3.1/thumb/v7-m/nofp/crti.o
                0x00000000080062a4                _init
 .init          0x00000000080062a8        0x8 c:/st/stm32cubeide_1.10.1/stm32cubeide/plugins/com.st.stm32cube.ide.mcu.externaltools.gnu-tools-for-stm32.10.3-2021.10.win32_1.0.0.202111181127/tools/bin/../lib/gcc/arm-none-eabi/10.3.1/thumb/v7-m/nofp/crtn.o
 *(.fini)
 .fini          0x00000000080062b0        0x4 c:/st/stm32cubeide_1.10.1/stm32cubeide/plugins/com.st.stm32cube.ide.mcu.externaltools.gnu-tools-for-stm32.10.3-2021.10.win32_1.0.0.202111181127/tools/bin/../lib/gcc/arm-none-eabi/10.3.1/thumb/v7-m/nofp/crti.o
                0x00000000080062b0                _fini
 .fini          0x00000000080062b4        0x8 c:/st/stm32cubeide_1.10.1/stm32cubeide/plugins/com.st.stm32cube.ide.mcu.externaltools.gnu-tools-for-stm32.10.3-2021.10.win32_1.0.0.202111181127/tools/bin/../lib/gcc/arm-none-eabi/10.3.1/thumb/v7-m/nofp/crtn.o
                0x00000000080062bc                . = ALIGN (0x4)
                0x00000000080062bc                _etext = .

.vfp11_veneer   0x00000000080062bc        0x0
 .vfp11_veneer  0x00000000080062bc        0x0 linker stubs

.v4_bx          0x00000000080062bc        0x0
 .v4_bx         0x00000000080062bc        0x0 linker stubs

.iplt           0x00000000080062bc        0x0
 .iplt          0x00000000080062bc        0x0 c:/st/stm32cubeide_1.10.1/stm32cubeide/plugins/com.st.stm32cube.ide.mcu.externaltools.gnu-tools-for-stm32.10.3-2021.10.win32_1.0.0.202111181127/tools/bin/../lib/gcc/arm-none-eabi/10.3.1/thumb/v7-m/nofp/crtbegin.o

.rodata         0x00000000080062c0       0xc0
                0x00000000080062c0                . = ALIGN (0x4)
 *(.rodata)
 .rodata        0x00000000080062c0       0x33 ./Core/Src/main.o
 *fill*         0x00000000080062f3        0x1 
 .rodata        0x00000000080062f4       0x10 ./Drivers/STM32F1xx_HAL_Driver/stm32f1xx_hal_rcc.o
 *(.rodata*)
 .rodata.AHBPrescTable
                0x0000000008006304       0x10 ./Core/Src/system_stm32f1xx.o
                0x0000000008006304                AHBPrescTable
 .rodata.APBPrescTable
                0x0000000008006314        0x8 ./Core/Src/system_stm32f1xx.o
                0x0000000008006314                APBPrescTable
 .rodata._svfprintf_r.str1.1
                0x000000000800631c       0x11 c:/st/stm32cubeide_1.10.1/stm32cubeide/plugins/com.st.stm32cube.ide.mcu.externaltools.gnu-tools-for-stm32.10.3-2021.10.win32_1.0.0.202111181127/tools/bin/../lib/gcc/arm-none-eabi/10.3.1/../../../../arm-none-eabi/lib/thumb/v7-m/nofp\libc_nano.a(lib_a-nano-svfprintf.o)
 .rodata._printf_i.str1.1
                0x000000000800632d       0x22 c:/st/stm32cubeide_1.10.1/stm32cubeide/plugins/com.st.stm32cube.ide.mcu.externaltools.gnu-tools-for-stm32.10.3-2021.10.win32_1.0.0.202111181127/tools/bin/../lib/gcc/arm-none-eabi/10.3.1/../../../../arm-none-eabi/lib/thumb/v7-m/nofp\libc_nano.a(lib_a-nano-vfprintf_i.o)
 *fill*         0x000000000800634f        0x1 
 .rodata.bp     0x0000000008006350       0x10 c:/st/stm32cubeide_1.10.1/stm32cubeide/plugins/com.st.stm32cube.ide.mcu.externaltools.gnu-tools-for-stm32.10.3-2021.10.win32_1.0.0.202111181127/tools/bin/../lib/gcc/arm-none-eabi/10.3.1/../../../../arm-none-eabi/lib/thumb/v7-m/nofp\libm.a(lib_a-e_pow.o)
 .rodata.dp_h   0x0000000008006360       0x10 c:/st/stm32cubeide_1.10.1/stm32cubeide/plugins/com.st.stm32cube.ide.mcu.externaltools.gnu-tools-for-stm32.10.3-2021.10.win32_1.0.0.202111181127/tools/bin/../lib/gcc/arm-none-eabi/10.3.1/../../../../arm-none-eabi/lib/thumb/v7-m/nofp\libm.a(lib_a-e_pow.o)
 .rodata.dp_l   0x0000000008006370       0x10 c:/st/stm32cubeide_1.10.1/stm32cubeide/plugins/com.st.stm32cube.ide.mcu.externaltools.gnu-tools-for-stm32.10.3-2021.10.win32_1.0.0.202111181127/tools/bin/../lib/gcc/arm-none-eabi/10.3.1/../../../../arm-none-eabi/lib/thumb/v7-m/nofp\libm.a(lib_a-e_pow.o)
                0x0000000008006380                . = ALIGN (0x4)

.rel.dyn        0x0000000008006380        0x0
 .rel.iplt      0x0000000008006380        0x0 c:/st/stm32cubeide_1.10.1/stm32cubeide/plugins/com.st.stm32cube.ide.mcu.externaltools.gnu-tools-for-stm32.10.3-2021.10.win32_1.0.0.202111181127/tools/bin/../lib/gcc/arm-none-eabi/10.3.1/thumb/v7-m/nofp/crtbegin.o

.ARM.extab      0x0000000008006380        0x0
                0x0000000008006380                . = ALIGN (0x4)
 *(.ARM.extab* .gnu.linkonce.armextab.*)
                0x0000000008006380                . = ALIGN (0x4)

.ARM            0x0000000008006380        0x0
                0x0000000008006380                . = ALIGN (0x4)
                0x0000000008006380                __exidx_start = .
 *(.ARM.exidx*)
                0x0000000008006380                __exidx_end = .
                0x0000000008006380                . = ALIGN (0x4)

.preinit_array  0x0000000008006380        0x0
                0x0000000008006380                . = ALIGN (0x4)
                0x0000000008006380                PROVIDE (__preinit_array_start = .)
 *(.preinit_array*)
                0x0000000008006380                PROVIDE (__preinit_array_end = .)
                0x0000000008006380                . = ALIGN (0x4)

.init_array     0x0000000008006380        0x4
                0x0000000008006380                . = ALIGN (0x4)
                0x0000000008006380                PROVIDE (__init_array_start = .)
 *(SORT_BY_NAME(.init_array.*))
 *(.init_array*)
 .init_array    0x0000000008006380        0x4 c:/st/stm32cubeide_1.10.1/stm32cubeide/plugins/com.st.stm32cube.ide.mcu.externaltools.gnu-tools-for-stm32.10.3-2021.10.win32_1.0.0.202111181127/tools/bin/../lib/gcc/arm-none-eabi/10.3.1/thumb/v7-m/nofp/crtbegin.o
                0x0000000008006384                PROVIDE (__init_array_end = .)
                0x0000000008006384                . = ALIGN (0x4)

.fini_array     0x0000000008006384        0x4
                0x0000000008006384                . = ALIGN (0x4)
                [!provide]                        PROVIDE (__fini_array_start = .)
 *(SORT_BY_NAME(.fini_array.*))
 *(.fini_array*)
 .fini_array    0x0000000008006384        0x4 c:/st/stm32cubeide_1.10.1/stm32cubeide/plugins/com.st.stm32cube.ide.mcu.externaltools.gnu-tools-for-stm32.10.3-2021.10.win32_1.0.0.202111181127/tools/bin/../lib/gcc/arm-none-eabi/10.3.1/thumb/v7-m/nofp/crtbegin.o
                [!provide]                        PROVIDE (__fini_array_end = .)
                0x0000000008006388                . = ALIGN (0x4)
                0x0000000008006388                _sidata = LOADADDR (.data)

.data           0x0000000020000000       0x7c load address 0x0000000008006388
                0x0000000020000000                . = ALIGN (0x4)
                0x0000000020000000                _sdata = .
 *(.data)
 *(.data*)
 .data.STX      0x0000000020000000        0x1 ./Core/Src/serial.o
                0x0000000020000000                STX
 *fill*         0x0000000020000001        0x3 
 .data.ETX      0x0000000020000004        0x1 ./Core/Src/serial.o
                0x0000000020000004                ETX
 *fill*         0x0000000020000005        0x3 
 .data.ACK      0x0000000020000008        0x1 ./Core/Src/serial.o
                0x0000000020000008                ACK
 *fill*         0x0000000020000009        0x3 
 .data.SystemCoreClock
                0x000000002000000c        0x4 ./Core/Src/system_stm32f1xx.o
                0x000000002000000c                SystemCoreClock
 .data.uwTickPrio
                0x0000000020000010        0x4 ./Drivers/STM32F1xx_HAL_Driver/stm32f1xx_hal.o
                0x0000000020000010                uwTickPrio
 .data.uwTickFreq
                0x0000000020000014        0x1 ./Drivers/STM32F1xx_HAL_Driver/stm32f1xx_hal.o
                0x0000000020000014                uwTickFreq
 *fill*         0x0000000020000015        0x3 
 .data._impure_ptr
                0x0000000020000018        0x4 c:/st/stm32cubeide_1.10.1/stm32cubeide/plugins/com.st.stm32cube.ide.mcu.externaltools.gnu-tools-for-stm32.10.3-2021.10.win32_1.0.0.202111181127/tools/bin/../lib/gcc/arm-none-eabi/10.3.1/../../../../arm-none-eabi/lib/thumb/v7-m/nofp\libc_nano.a(lib_a-impure.o)
                0x0000000020000018                _impure_ptr
 .data.impure_data
                0x000000002000001c       0x60 c:/st/stm32cubeide_1.10.1/stm32cubeide/plugins/com.st.stm32cube.ide.mcu.externaltools.gnu-tools-for-stm32.10.3-2021.10.win32_1.0.0.202111181127/tools/bin/../lib/gcc/arm-none-eabi/10.3.1/../../../../arm-none-eabi/lib/thumb/v7-m/nofp\libc_nano.a(lib_a-impure.o)
 *(.RamFunc)
 *(.RamFunc*)
                0x000000002000007c                . = ALIGN (0x4)
                0x000000002000007c                _edata = .

.igot.plt       0x000000002000007c        0x0 load address 0x0000000008006404
 .igot.plt      0x000000002000007c        0x0 c:/st/stm32cubeide_1.10.1/stm32cubeide/plugins/com.st.stm32cube.ide.mcu.externaltools.gnu-tools-for-stm32.10.3-2021.10.win32_1.0.0.202111181127/tools/bin/../lib/gcc/arm-none-eabi/10.3.1/thumb/v7-m/nofp/crtbegin.o
                0x000000002000007c                . = ALIGN (0x4)

.bss            0x000000002000007c      0xb4c load address 0x0000000008006404
                0x000000002000007c                _sbss = .
                0x000000002000007c                __bss_start__ = _sbss
 *(.bss)
 .bss           0x000000002000007c       0x1c c:/st/stm32cubeide_1.10.1/stm32cubeide/plugins/com.st.stm32cube.ide.mcu.externaltools.gnu-tools-for-stm32.10.3-2021.10.win32_1.0.0.202111181127/tools/bin/../lib/gcc/arm-none-eabi/10.3.1/thumb/v7-m/nofp/crtbegin.o
 *(.bss*)
 .bss.g_strTxCommand
                0x0000000020000098        0x4 ./Core/Src/main.o
                0x0000000020000098                g_strTxCommand
 .bss.g_nTxOption
                0x000000002000009c        0x3 ./Core/Src/main.o
                0x000000002000009c                g_nTxOption
 *fill*         0x000000002000009f        0x1 
 .bss.g_nTxData
                0x00000000200000a0        0x8 ./Core/Src/main.o
                0x00000000200000a0                g_nTxData
 .bss.tProcess  0x00000000200000a8        0x1 ./Core/Src/motor.o
                0x00000000200000a8                tProcess
 *fill*         0x00000000200000a9        0x3 
 .bss.tPIDControl
                0x00000000200000ac      0x974 ./Core/Src/motor.o
                0x00000000200000ac                tPIDControl
 .bss.tProfile  0x0000000020000a20       0x34 ./Core/Src/motor.o
                0x0000000020000a20                tProfile
 .bss.g_nDutyCycle
                0x0000000020000a54        0x4 ./Core/Src/motor.o
                0x0000000020000a54                g_nDutyCycle
 .bss.g_dCmdVel
                0x0000000020000a58        0x4 ./Core/Src/motor.o
                0x0000000020000a58                g_dCmdVel
 .bss.g_nActPulse
                0x0000000020000a5c        0x4 ./Core/Src/motor.o
                0x0000000020000a5c                g_nActPulse
 .bss.g_nCmdPulse
                0x0000000020000a60        0x4 ./Core/Src/motor.o
                0x0000000020000a60                g_nCmdPulse
 .bss.g_nIndex  0x0000000020000a64        0x2 ./Core/Src/motor.o
                0x0000000020000a64                g_nIndex
 *fill*         0x0000000020000a66        0x2 
 .bss.g_dPIDError
                0x0000000020000a68        0x4 ./Core/Src/pid.o
                0x0000000020000a68                g_dPIDError
 .bss.g_nRxBuff
                0x0000000020000a6c       0x12 ./Core/Src/serial.o
                0x0000000020000a6c                g_nRxBuff
 *fill*         0x0000000020000a7e        0x2 
 .bss.g_strCommand
                0x0000000020000a80        0x4 ./Core/Src/serial.o
                0x0000000020000a80                g_strCommand
 .bss.g_nOption
                0x0000000020000a84        0x3 ./Core/Src/serial.o
                0x0000000020000a84                g_nOption
 *fill*         0x0000000020000a87        0x1 
 .bss.g_nData   0x0000000020000a88        0x8 ./Core/Src/serial.o
                0x0000000020000a88                g_nData
 .bss.g_bDataAvailable
                0x0000000020000a90        0x1 ./Core/Src/serial.o
                0x0000000020000a90                g_bDataAvailable
 *fill*         0x0000000020000a91        0x3 
 .bss.__sbrk_heap_end
                0x0000000020000a94        0x4 ./Core/Src/sysmem.o
 .bss.htim2     0x0000000020000a98       0x48 ./Core/Src/tim.o
                0x0000000020000a98                htim2
 .bss.htim3     0x0000000020000ae0       0x48 ./Core/Src/tim.o
                0x0000000020000ae0                htim3
 .bss.htim4     0x0000000020000b28       0x48 ./Core/Src/tim.o
                0x0000000020000b28                htim4
 .bss.huart1    0x0000000020000b70       0x44 ./Core/Src/usart.o
                0x0000000020000b70                huart1
 .bss.uwTick    0x0000000020000bb4        0x4 ./Drivers/STM32F1xx_HAL_Driver/stm32f1xx_hal.o
                0x0000000020000bb4                uwTick
 .bss.__malloc_free_list
                0x0000000020000bb8        0x4 c:/st/stm32cubeide_1.10.1/stm32cubeide/plugins/com.st.stm32cube.ide.mcu.externaltools.gnu-tools-for-stm32.10.3-2021.10.win32_1.0.0.202111181127/tools/bin/../lib/gcc/arm-none-eabi/10.3.1/../../../../arm-none-eabi/lib/thumb/v7-m/nofp\libc_nano.a(lib_a-nano-mallocr.o)
                0x0000000020000bb8                __malloc_free_list
 .bss.__malloc_sbrk_start
                0x0000000020000bbc        0x4 c:/st/stm32cubeide_1.10.1/stm32cubeide/plugins/com.st.stm32cube.ide.mcu.externaltools.gnu-tools-for-stm32.10.3-2021.10.win32_1.0.0.202111181127/tools/bin/../lib/gcc/arm-none-eabi/10.3.1/../../../../arm-none-eabi/lib/thumb/v7-m/nofp\libc_nano.a(lib_a-nano-mallocr.o)
                0x0000000020000bbc                __malloc_sbrk_start
 .bss.errno     0x0000000020000bc0        0x4 c:/st/stm32cubeide_1.10.1/stm32cubeide/plugins/com.st.stm32cube.ide.mcu.externaltools.gnu-tools-for-stm32.10.3-2021.10.win32_1.0.0.202111181127/tools/bin/../lib/gcc/arm-none-eabi/10.3.1/../../../../arm-none-eabi/lib/thumb/v7-m/nofp\libc_nano.a(lib_a-reent.o)
                0x0000000020000bc0                errno
 .bss.__lock___malloc_recursive_mutex
                0x0000000020000bc4        0x1 c:/st/stm32cubeide_1.10.1/stm32cubeide/plugins/com.st.stm32cube.ide.mcu.externaltools.gnu-tools-for-stm32.10.3-2021.10.win32_1.0.0.202111181127/tools/bin/../lib/gcc/arm-none-eabi/10.3.1/../../../../arm-none-eabi/lib/thumb/v7-m/nofp\libc_nano.a(lib_a-lock.o)
                0x0000000020000bc4                __lock___malloc_recursive_mutex
 *(COMMON)
                0x0000000020000bc8                . = ALIGN (0x4)
 *fill*         0x0000000020000bc5        0x3 
                0x0000000020000bc8                _ebss = .
                0x0000000020000bc8                __bss_end__ = _ebss

._user_heap_stack
                0x0000000020000bc8      0x600 load address 0x0000000008006404
                0x0000000020000bc8                . = ALIGN (0x8)
                [!provide]                        PROVIDE (end = .)
                0x0000000020000bc8                PROVIDE (_end = .)
                0x0000000020000dc8                . = (. + _Min_Heap_Size)
 *fill*         0x0000000020000bc8      0x200 
                0x00000000200011c8                . = (. + _Min_Stack_Size)
 *fill*         0x0000000020000dc8      0x400 
                0x00000000200011c8                . = ALIGN (0x8)

/DISCARD/
 libc.a(*)
 libm.a(*)
 libgcc.a(*)

.ARM.attributes
                0x0000000000000000       0x29
 *(.ARM.attributes)
 .ARM.attributes
                0x0000000000000000       0x1d c:/st/stm32cubeide_1.10.1/stm32cubeide/plugins/com.st.stm32cube.ide.mcu.externaltools.gnu-tools-for-stm32.10.3-2021.10.win32_1.0.0.202111181127/tools/bin/../lib/gcc/arm-none-eabi/10.3.1/thumb/v7-m/nofp/crti.o
 .ARM.attributes
                0x000000000000001d       0x2d c:/st/stm32cubeide_1.10.1/stm32cubeide/plugins/com.st.stm32cube.ide.mcu.externaltools.gnu-tools-for-stm32.10.3-2021.10.win32_1.0.0.202111181127/tools/bin/../lib/gcc/arm-none-eabi/10.3.1/thumb/v7-m/nofp/crtbegin.o
 .ARM.attributes
                0x000000000000004a       0x2d ./Core/Src/gpio.o
 .ARM.attributes
                0x0000000000000077       0x2d ./Core/Src/main.o
 .ARM.attributes
                0x00000000000000a4       0x2d ./Core/Src/motor.o
 .ARM.attributes
                0x00000000000000d1       0x2d ./Core/Src/pid.o
 .ARM.attributes
                0x00000000000000fe       0x2d ./Core/Src/serial.o
 .ARM.attributes
                0x000000000000012b       0x2d ./Core/Src/stm32f1xx_hal_msp.o
 .ARM.attributes
                0x0000000000000158       0x2d ./Core/Src/stm32f1xx_it.o
 .ARM.attributes
                0x0000000000000185       0x2d ./Core/Src/sysmem.o
 .ARM.attributes
                0x00000000000001b2       0x2d ./Core/Src/system_stm32f1xx.o
 .ARM.attributes
                0x00000000000001df       0x2d ./Core/Src/tim.o
 .ARM.attributes
                0x000000000000020c       0x2d ./Core/Src/usart.o
 .ARM.attributes
                0x0000000000000239       0x21 ./Core/Startup/startup_stm32f103c8tx.o
 .ARM.attributes
                0x000000000000025a       0x2d ./Drivers/STM32F1xx_HAL_Driver/stm32f1xx_hal.o
 .ARM.attributes
                0x0000000000000287       0x2d ./Drivers/STM32F1xx_HAL_Driver/stm32f1xx_hal_cortex.o
 .ARM.attributes
                0x00000000000002b4       0x2d ./Drivers/STM32F1xx_HAL_Driver/stm32f1xx_hal_gpio.o
 .ARM.attributes
                0x00000000000002e1       0x2d ./Drivers/STM32F1xx_HAL_Driver/stm32f1xx_hal_rcc.o
 .ARM.attributes
                0x000000000000030e       0x2d ./Drivers/STM32F1xx_HAL_Driver/stm32f1xx_hal_tim.o
 .ARM.attributes
                0x000000000000033b       0x2d ./Drivers/STM32F1xx_HAL_Driver/stm32f1xx_hal_tim_ex.o
 .ARM.attributes
                0x0000000000000368       0x2d ./Drivers/STM32F1xx_HAL_Driver/stm32f1xx_hal_uart.o
 .ARM.attributes
                0x0000000000000395       0x2d c:/st/stm32cubeide_1.10.1/stm32cubeide/plugins/com.st.stm32cube.ide.mcu.externaltools.gnu-tools-for-stm32.10.3-2021.10.win32_1.0.0.202111181127/tools/bin/../lib/gcc/arm-none-eabi/10.3.1/../../../../arm-none-eabi/lib/thumb/v7-m/nofp\libc_nano.a(lib_a-errno.o)
 .ARM.attributes
                0x00000000000003c2       0x2d c:/st/stm32cubeide_1.10.1/stm32cubeide/plugins/com.st.stm32cube.ide.mcu.externaltools.gnu-tools-for-stm32.10.3-2021.10.win32_1.0.0.202111181127/tools/bin/../lib/gcc/arm-none-eabi/10.3.1/../../../../arm-none-eabi/lib/thumb/v7-m/nofp\libc_nano.a(lib_a-impure.o)
 .ARM.attributes
                0x00000000000003ef       0x2d c:/st/stm32cubeide_1.10.1/stm32cubeide/plugins/com.st.stm32cube.ide.mcu.externaltools.gnu-tools-for-stm32.10.3-2021.10.win32_1.0.0.202111181127/tools/bin/../lib/gcc/arm-none-eabi/10.3.1/../../../../arm-none-eabi/lib/thumb/v7-m/nofp\libc_nano.a(lib_a-init.o)
 .ARM.attributes
                0x000000000000041c       0x2d c:/st/stm32cubeide_1.10.1/stm32cubeide/plugins/com.st.stm32cube.ide.mcu.externaltools.gnu-tools-for-stm32.10.3-2021.10.win32_1.0.0.202111181127/tools/bin/../lib/gcc/arm-none-eabi/10.3.1/../../../../arm-none-eabi/lib/thumb/v7-m/nofp\libc_nano.a(lib_a-malloc.o)
 .ARM.attributes
                0x0000000000000449       0x2d c:/st/stm32cubeide_1.10.1/stm32cubeide/plugins/com.st.stm32cube.ide.mcu.externaltools.gnu-tools-for-stm32.10.3-2021.10.win32_1.0.0.202111181127/tools/bin/../lib/gcc/arm-none-eabi/10.3.1/../../../../arm-none-eabi/lib/thumb/v7-m/nofp\libc_nano.a(lib_a-memcpy-stub.o)
 .ARM.attributes
                0x0000000000000476       0x2d c:/st/stm32cubeide_1.10.1/stm32cubeide/plugins/com.st.stm32cube.ide.mcu.externaltools.gnu-tools-for-stm32.10.3-2021.10.win32_1.0.0.202111181127/tools/bin/../lib/gcc/arm-none-eabi/10.3.1/../../../../arm-none-eabi/lib/thumb/v7-m/nofp\libc_nano.a(lib_a-memset.o)
 .ARM.attributes
                0x00000000000004a3       0x2d c:/st/stm32cubeide_1.10.1/stm32cubeide/plugins/com.st.stm32cube.ide.mcu.externaltools.gnu-tools-for-stm32.10.3-2021.10.win32_1.0.0.202111181127/tools/bin/../lib/gcc/arm-none-eabi/10.3.1/../../../../arm-none-eabi/lib/thumb/v7-m/nofp\libc_nano.a(lib_a-nano-freer.o)
 .ARM.attributes
                0x00000000000004d0       0x2d c:/st/stm32cubeide_1.10.1/stm32cubeide/plugins/com.st.stm32cube.ide.mcu.externaltools.gnu-tools-for-stm32.10.3-2021.10.win32_1.0.0.202111181127/tools/bin/../lib/gcc/arm-none-eabi/10.3.1/../../../../arm-none-eabi/lib/thumb/v7-m/nofp\libc_nano.a(lib_a-nano-mallocr.o)
 .ARM.attributes
                0x00000000000004fd       0x2d c:/st/stm32cubeide_1.10.1/stm32cubeide/plugins/com.st.stm32cube.ide.mcu.externaltools.gnu-tools-for-stm32.10.3-2021.10.win32_1.0.0.202111181127/tools/bin/../lib/gcc/arm-none-eabi/10.3.1/../../../../arm-none-eabi/lib/thumb/v7-m/nofp\libc_nano.a(lib_a-sbrkr.o)
 .ARM.attributes
                0x000000000000052a       0x2d c:/st/stm32cubeide_1.10.1/stm32cubeide/plugins/com.st.stm32cube.ide.mcu.externaltools.gnu-tools-for-stm32.10.3-2021.10.win32_1.0.0.202111181127/tools/bin/../lib/gcc/arm-none-eabi/10.3.1/../../../../arm-none-eabi/lib/thumb/v7-m/nofp\libc_nano.a(lib_a-sprintf.o)
 .ARM.attributes
                0x0000000000000557       0x2d c:/st/stm32cubeide_1.10.1/stm32cubeide/plugins/com.st.stm32cube.ide.mcu.externaltools.gnu-tools-for-stm32.10.3-2021.10.win32_1.0.0.202111181127/tools/bin/../lib/gcc/arm-none-eabi/10.3.1/../../../../arm-none-eabi/lib/thumb/v7-m/nofp\libc_nano.a(lib_a-mlock.o)
 .ARM.attributes
                0x0000000000000584       0x2d c:/st/stm32cubeide_1.10.1/stm32cubeide/plugins/com.st.stm32cube.ide.mcu.externaltools.gnu-tools-for-stm32.10.3-2021.10.win32_1.0.0.202111181127/tools/bin/../lib/gcc/arm-none-eabi/10.3.1/../../../../arm-none-eabi/lib/thumb/v7-m/nofp\libc_nano.a(lib_a-nano-svfprintf.o)
 .ARM.attributes
                0x00000000000005b1       0x2d c:/st/stm32cubeide_1.10.1/stm32cubeide/plugins/com.st.stm32cube.ide.mcu.externaltools.gnu-tools-for-stm32.10.3-2021.10.win32_1.0.0.202111181127/tools/bin/../lib/gcc/arm-none-eabi/10.3.1/../../../../arm-none-eabi/lib/thumb/v7-m/nofp\libc_nano.a(lib_a-nano-vfprintf_i.o)
 .ARM.attributes
                0x00000000000005de       0x2d c:/st/stm32cubeide_1.10.1/stm32cubeide/plugins/com.st.stm32cube.ide.mcu.externaltools.gnu-tools-for-stm32.10.3-2021.10.win32_1.0.0.202111181127/tools/bin/../lib/gcc/arm-none-eabi/10.3.1/../../../../arm-none-eabi/lib/thumb/v7-m/nofp\libc_nano.a(lib_a-reent.o)
 .ARM.attributes
                0x000000000000060b       0x2d c:/st/stm32cubeide_1.10.1/stm32cubeide/plugins/com.st.stm32cube.ide.mcu.externaltools.gnu-tools-for-stm32.10.3-2021.10.win32_1.0.0.202111181127/tools/bin/../lib/gcc/arm-none-eabi/10.3.1/../../../../arm-none-eabi/lib/thumb/v7-m/nofp\libc_nano.a(lib_a-lock.o)
 .ARM.attributes
                0x0000000000000638       0x2d c:/st/stm32cubeide_1.10.1/stm32cubeide/plugins/com.st.stm32cube.ide.mcu.externaltools.gnu-tools-for-stm32.10.3-2021.10.win32_1.0.0.202111181127/tools/bin/../lib/gcc/arm-none-eabi/10.3.1/../../../../arm-none-eabi/lib/thumb/v7-m/nofp\libc_nano.a(lib_a-memchr-stub.o)
 .ARM.attributes
                0x0000000000000665       0x2d c:/st/stm32cubeide_1.10.1/stm32cubeide/plugins/com.st.stm32cube.ide.mcu.externaltools.gnu-tools-for-stm32.10.3-2021.10.win32_1.0.0.202111181127/tools/bin/../lib/gcc/arm-none-eabi/10.3.1/../../../../arm-none-eabi/lib/thumb/v7-m/nofp\libc_nano.a(lib_a-memmove.o)
 .ARM.attributes
                0x0000000000000692       0x2d c:/st/stm32cubeide_1.10.1/stm32cubeide/plugins/com.st.stm32cube.ide.mcu.externaltools.gnu-tools-for-stm32.10.3-2021.10.win32_1.0.0.202111181127/tools/bin/../lib/gcc/arm-none-eabi/10.3.1/../../../../arm-none-eabi/lib/thumb/v7-m/nofp\libc_nano.a(lib_a-nano-reallocr.o)
 .ARM.attributes
                0x00000000000006bf       0x2d c:/st/stm32cubeide_1.10.1/stm32cubeide/plugins/com.st.stm32cube.ide.mcu.externaltools.gnu-tools-for-stm32.10.3-2021.10.win32_1.0.0.202111181127/tools/bin/../lib/gcc/arm-none-eabi/10.3.1/../../../../arm-none-eabi/lib/thumb/v7-m/nofp\libc_nano.a(lib_a-nano-msizer.o)
 .ARM.attributes
                0x00000000000006ec       0x2d c:/st/stm32cubeide_1.10.1/stm32cubeide/plugins/com.st.stm32cube.ide.mcu.externaltools.gnu-tools-for-stm32.10.3-2021.10.win32_1.0.0.202111181127/tools/bin/../lib/gcc/arm-none-eabi/10.3.1/../../../../arm-none-eabi/lib/thumb/v7-m/nofp\libm.a(lib_a-w_pow.o)
 .ARM.attributes
                0x0000000000000719       0x2d c:/st/stm32cubeide_1.10.1/stm32cubeide/plugins/com.st.stm32cube.ide.mcu.externaltools.gnu-tools-for-stm32.10.3-2021.10.win32_1.0.0.202111181127/tools/bin/../lib/gcc/arm-none-eabi/10.3.1/../../../../arm-none-eabi/lib/thumb/v7-m/nofp\libm.a(lib_a-e_pow.o)
 .ARM.attributes
                0x0000000000000746       0x2d c:/st/stm32cubeide_1.10.1/stm32cubeide/plugins/com.st.stm32cube.ide.mcu.externaltools.gnu-tools-for-stm32.10.3-2021.10.win32_1.0.0.202111181127/tools/bin/../lib/gcc/arm-none-eabi/10.3.1/../../../../arm-none-eabi/lib/thumb/v7-m/nofp\libm.a(lib_a-e_sqrt.o)
 .ARM.attributes
                0x0000000000000773       0x2d c:/st/stm32cubeide_1.10.1/stm32cubeide/plugins/com.st.stm32cube.ide.mcu.externaltools.gnu-tools-for-stm32.10.3-2021.10.win32_1.0.0.202111181127/tools/bin/../lib/gcc/arm-none-eabi/10.3.1/../../../../arm-none-eabi/lib/thumb/v7-m/nofp\libm.a(lib_a-math_err.o)
 .ARM.attributes
                0x00000000000007a0       0x2d c:/st/stm32cubeide_1.10.1/stm32cubeide/plugins/com.st.stm32cube.ide.mcu.externaltools.gnu-tools-for-stm32.10.3-2021.10.win32_1.0.0.202111181127/tools/bin/../lib/gcc/arm-none-eabi/10.3.1/../../../../arm-none-eabi/lib/thumb/v7-m/nofp\libm.a(lib_a-s_fabs.o)
 .ARM.attributes
                0x00000000000007cd       0x2d c:/st/stm32cubeide_1.10.1/stm32cubeide/plugins/com.st.stm32cube.ide.mcu.externaltools.gnu-tools-for-stm32.10.3-2021.10.win32_1.0.0.202111181127/tools/bin/../lib/gcc/arm-none-eabi/10.3.1/../../../../arm-none-eabi/lib/thumb/v7-m/nofp\libm.a(lib_a-s_finite.o)
 .ARM.attributes
                0x00000000000007fa       0x2d c:/st/stm32cubeide_1.10.1/stm32cubeide/plugins/com.st.stm32cube.ide.mcu.externaltools.gnu-tools-for-stm32.10.3-2021.10.win32_1.0.0.202111181127/tools/bin/../lib/gcc/arm-none-eabi/10.3.1/../../../../arm-none-eabi/lib/thumb/v7-m/nofp\libm.a(lib_a-s_scalbn.o)
 .ARM.attributes
                0x0000000000000827       0x1d c:/st/stm32cubeide_1.10.1/stm32cubeide/plugins/com.st.stm32cube.ide.mcu.externaltools.gnu-tools-for-stm32.10.3-2021.10.win32_1.0.0.202111181127/tools/bin/../lib/gcc/arm-none-eabi/10.3.1/thumb/v7-m/nofp\libgcc.a(_arm_addsubdf3.o)
 .ARM.attributes
                0x0000000000000844       0x1d c:/st/stm32cubeide_1.10.1/stm32cubeide/plugins/com.st.stm32cube.ide.mcu.externaltools.gnu-tools-for-stm32.10.3-2021.10.win32_1.0.0.202111181127/tools/bin/../lib/gcc/arm-none-eabi/10.3.1/thumb/v7-m/nofp\libgcc.a(_arm_muldivdf3.o)
 .ARM.attributes
                0x0000000000000861       0x1d c:/st/stm32cubeide_1.10.1/stm32cubeide/plugins/com.st.stm32cube.ide.mcu.externaltools.gnu-tools-for-stm32.10.3-2021.10.win32_1.0.0.202111181127/tools/bin/../lib/gcc/arm-none-eabi/10.3.1/thumb/v7-m/nofp\libgcc.a(_arm_cmpdf2.o)
 .ARM.attributes
                0x000000000000087e       0x1d c:/st/stm32cubeide_1.10.1/stm32cubeide/plugins/com.st.stm32cube.ide.mcu.externaltools.gnu-tools-for-stm32.10.3-2021.10.win32_1.0.0.202111181127/tools/bin/../lib/gcc/arm-none-eabi/10.3.1/thumb/v7-m/nofp\libgcc.a(_arm_unorddf2.o)
 .ARM.attributes
                0x000000000000089b       0x1d c:/st/stm32cubeide_1.10.1/stm32cubeide/plugins/com.st.stm32cube.ide.mcu.externaltools.gnu-tools-for-stm32.10.3-2021.10.win32_1.0.0.202111181127/tools/bin/../lib/gcc/arm-none-eabi/10.3.1/thumb/v7-m/nofp\libgcc.a(_arm_truncdfsf2.o)
 .ARM.attributes
                0x00000000000008b8       0x1d c:/st/stm32cubeide_1.10.1/stm32cubeide/plugins/com.st.stm32cube.ide.mcu.externaltools.gnu-tools-for-stm32.10.3-2021.10.win32_1.0.0.202111181127/tools/bin/../lib/gcc/arm-none-eabi/10.3.1/thumb/v7-m/nofp\libgcc.a(_arm_addsubsf3.o)
 .ARM.attributes
                0x00000000000008d5       0x1d c:/st/stm32cubeide_1.10.1/stm32cubeide/plugins/com.st.stm32cube.ide.mcu.externaltools.gnu-tools-for-stm32.10.3-2021.10.win32_1.0.0.202111181127/tools/bin/../lib/gcc/arm-none-eabi/10.3.1/thumb/v7-m/nofp\libgcc.a(_arm_muldivsf3.o)
 .ARM.attributes
                0x00000000000008f2       0x1d c:/st/stm32cubeide_1.10.1/stm32cubeide/plugins/com.st.stm32cube.ide.mcu.externaltools.gnu-tools-for-stm32.10.3-2021.10.win32_1.0.0.202111181127/tools/bin/../lib/gcc/arm-none-eabi/10.3.1/thumb/v7-m/nofp\libgcc.a(_arm_cmpsf2.o)
 .ARM.attributes
                0x000000000000090f       0x1d c:/st/stm32cubeide_1.10.1/stm32cubeide/plugins/com.st.stm32cube.ide.mcu.externaltools.gnu-tools-for-stm32.10.3-2021.10.win32_1.0.0.202111181127/tools/bin/../lib/gcc/arm-none-eabi/10.3.1/thumb/v7-m/nofp\libgcc.a(_arm_fixsfsi.o)
 .ARM.attributes
                0x000000000000092c       0x1d c:/st/stm32cubeide_1.10.1/stm32cubeide/plugins/com.st.stm32cube.ide.mcu.externaltools.gnu-tools-for-stm32.10.3-2021.10.win32_1.0.0.202111181127/tools/bin/../lib/gcc/arm-none-eabi/10.3.1/thumb/v7-m/nofp\libgcc.a(_arm_fixunssfsi.o)
 .ARM.attributes
                0x0000000000000949       0x1d c:/st/stm32cubeide_1.10.1/stm32cubeide/plugins/com.st.stm32cube.ide.mcu.externaltools.gnu-tools-for-stm32.10.3-2021.10.win32_1.0.0.202111181127/tools/bin/../lib/gcc/arm-none-eabi/10.3.1/thumb/v7-m/nofp/crtn.o
OUTPUT(Motor.elf elf32-littlearm)
LOAD linker stubs
LOAD c:/st/stm32cubeide_1.10.1/stm32cubeide/plugins/com.st.stm32cube.ide.mcu.externaltools.gnu-tools-for-stm32.10.3-2021.10.win32_1.0.0.202111181127/tools/bin/../lib/gcc/arm-none-eabi/10.3.1/../../../../arm-none-eabi/lib/thumb/v7-m/nofp\libc.a
LOAD c:/st/stm32cubeide_1.10.1/stm32cubeide/plugins/com.st.stm32cube.ide.mcu.externaltools.gnu-tools-for-stm32.10.3-2021.10.win32_1.0.0.202111181127/tools/bin/../lib/gcc/arm-none-eabi/10.3.1/../../../../arm-none-eabi/lib/thumb/v7-m/nofp\libm.a
LOAD c:/st/stm32cubeide_1.10.1/stm32cubeide/plugins/com.st.stm32cube.ide.mcu.externaltools.gnu-tools-for-stm32.10.3-2021.10.win32_1.0.0.202111181127/tools/bin/../lib/gcc/arm-none-eabi/10.3.1/thumb/v7-m/nofp\libgcc.a

.debug_info     0x0000000000000000     0xc547
 .debug_info    0x0000000000000000      0x2ee ./Core/Src/gpio.o
 .debug_info    0x00000000000002ee      0xccb ./Core/Src/main.o
 .debug_info    0x0000000000000fb9      0xbe0 ./Core/Src/motor.o
 .debug_info    0x0000000000001b99      0x837 ./Core/Src/pid.o
 .debug_info    0x00000000000023d0      0x8db ./Core/Src/serial.o
 .debug_info    0x0000000000002cab      0x210 ./Core/Src/stm32f1xx_hal_msp.o
 .debug_info    0x0000000000002ebb      0x6ea ./Core/Src/stm32f1xx_it.o
 .debug_info    0x00000000000035a5      0x171 ./Core/Src/sysmem.o
 .debug_info    0x0000000000003716      0x23d ./Core/Src/system_stm32f1xx.o
 .debug_info    0x0000000000003953      0xe5e ./Core/Src/tim.o
 .debug_info    0x00000000000047b1      0x7e2 ./Core/Src/usart.o
 .debug_info    0x0000000000004f93       0x22 ./Core/Startup/startup_stm32f103c8tx.o
 .debug_info    0x0000000000004fb5      0x734 ./Drivers/STM32F1xx_HAL_Driver/stm32f1xx_hal.o
 .debug_info    0x00000000000056e9      0xb20 ./Drivers/STM32F1xx_HAL_Driver/stm32f1xx_hal_cortex.o
 .debug_info    0x0000000000006209      0x615 ./Drivers/STM32F1xx_HAL_Driver/stm32f1xx_hal_gpio.o
 .debug_info    0x000000000000681e      0x860 ./Drivers/STM32F1xx_HAL_Driver/stm32f1xx_hal_rcc.o
 .debug_info    0x000000000000707e     0x29de ./Drivers/STM32F1xx_HAL_Driver/stm32f1xx_hal_tim.o
 .debug_info    0x0000000000009a5c     0x1513 ./Drivers/STM32F1xx_HAL_Driver/stm32f1xx_hal_tim_ex.o
 .debug_info    0x000000000000af6f     0x15d8 ./Drivers/STM32F1xx_HAL_Driver/stm32f1xx_hal_uart.o

.debug_abbrev   0x0000000000000000     0x241f
 .debug_abbrev  0x0000000000000000      0x134 ./Core/Src/gpio.o
 .debug_abbrev  0x0000000000000134      0x2ea ./Core/Src/main.o
 .debug_abbrev  0x000000000000041e      0x27e ./Core/Src/motor.o
 .debug_abbrev  0x000000000000069c      0x20d ./Core/Src/pid.o
 .debug_abbrev  0x00000000000008a9      0x236 ./Core/Src/serial.o
 .debug_abbrev  0x0000000000000adf       0xd4 ./Core/Src/stm32f1xx_hal_msp.o
 .debug_abbrev  0x0000000000000bb3      0x184 ./Core/Src/stm32f1xx_it.o
 .debug_abbrev  0x0000000000000d37       0xbb ./Core/Src/sysmem.o
 .debug_abbrev  0x0000000000000df2      0x13b ./Core/Src/system_stm32f1xx.o
 .debug_abbrev  0x0000000000000f2d      0x28d ./Core/Src/tim.o
 .debug_abbrev  0x00000000000011ba      0x1ce ./Core/Src/usart.o
 .debug_abbrev  0x0000000000001388       0x12 ./Core/Startup/startup_stm32f103c8tx.o
 .debug_abbrev  0x000000000000139a      0x1fb ./Drivers/STM32F1xx_HAL_Driver/stm32f1xx_hal.o
 .debug_abbrev  0x0000000000001595      0x2ed ./Drivers/STM32F1xx_HAL_Driver/stm32f1xx_hal_cortex.o
 .debug_abbrev  0x0000000000001882      0x1bb ./Drivers/STM32F1xx_HAL_Driver/stm32f1xx_hal_gpio.o
 .debug_abbrev  0x0000000000001a3d      0x2a8 ./Drivers/STM32F1xx_HAL_Driver/stm32f1xx_hal_rcc.o
 .debug_abbrev  0x0000000000001ce5      0x25d ./Drivers/STM32F1xx_HAL_Driver/stm32f1xx_hal_tim.o
 .debug_abbrev  0x0000000000001f42      0x265 ./Drivers/STM32F1xx_HAL_Driver/stm32f1xx_hal_tim_ex.o
 .debug_abbrev  0x00000000000021a7      0x278 ./Drivers/STM32F1xx_HAL_Driver/stm32f1xx_hal_uart.o

.debug_aranges  0x0000000000000000      0xcc8
 .debug_aranges
                0x0000000000000000       0x20 ./Core/Src/gpio.o
 .debug_aranges
                0x0000000000000020       0x38 ./Core/Src/main.o
 .debug_aranges
                0x0000000000000058       0x58 ./Core/Src/motor.o
 .debug_aranges
                0x00000000000000b0       0x38 ./Core/Src/pid.o
 .debug_aranges
                0x00000000000000e8       0x50 ./Core/Src/serial.o
 .debug_aranges
                0x0000000000000138       0x20 ./Core/Src/stm32f1xx_hal_msp.o
 .debug_aranges
                0x0000000000000158       0x68 ./Core/Src/stm32f1xx_it.o
 .debug_aranges
                0x00000000000001c0       0x20 ./Core/Src/sysmem.o
 .debug_aranges
                0x00000000000001e0       0x28 ./Core/Src/system_stm32f1xx.o
 .debug_aranges
                0x0000000000000208       0x68 ./Core/Src/tim.o
 .debug_aranges
                0x0000000000000270       0x30 ./Core/Src/usart.o
 .debug_aranges
                0x00000000000002a0       0x28 ./Core/Startup/startup_stm32f103c8tx.o
 .debug_aranges
                0x00000000000002c8       0xe0 ./Drivers/STM32F1xx_HAL_Driver/stm32f1xx_hal.o
 .debug_aranges
                0x00000000000003a8      0x100 ./Drivers/STM32F1xx_HAL_Driver/stm32f1xx_hal_cortex.o
 .debug_aranges
                0x00000000000004a8       0x58 ./Drivers/STM32F1xx_HAL_Driver/stm32f1xx_hal_gpio.o
 .debug_aranges
                0x0000000000000500       0x90 ./Drivers/STM32F1xx_HAL_Driver/stm32f1xx_hal_rcc.o
 .debug_aranges
                0x0000000000000590      0x3d0 ./Drivers/STM32F1xx_HAL_Driver/stm32f1xx_hal_tim.o
 .debug_aranges
                0x0000000000000960      0x168 ./Drivers/STM32F1xx_HAL_Driver/stm32f1xx_hal_tim_ex.o
 .debug_aranges
                0x0000000000000ac8      0x200 ./Drivers/STM32F1xx_HAL_Driver/stm32f1xx_hal_uart.o

.debug_ranges   0x0000000000000000      0xbd0
 .debug_ranges  0x0000000000000000       0x10 ./Core/Src/gpio.o
 .debug_ranges  0x0000000000000010       0x28 ./Core/Src/main.o
 .debug_ranges  0x0000000000000038       0x48 ./Core/Src/motor.o
 .debug_ranges  0x0000000000000080       0x28 ./Core/Src/pid.o
 .debug_ranges  0x00000000000000a8       0x40 ./Core/Src/serial.o
 .debug_ranges  0x00000000000000e8       0x10 ./Core/Src/stm32f1xx_hal_msp.o
 .debug_ranges  0x00000000000000f8       0x58 ./Core/Src/stm32f1xx_it.o
 .debug_ranges  0x0000000000000150       0x10 ./Core/Src/sysmem.o
 .debug_ranges  0x0000000000000160       0x18 ./Core/Src/system_stm32f1xx.o
 .debug_ranges  0x0000000000000178       0x58 ./Core/Src/tim.o
 .debug_ranges  0x00000000000001d0       0x20 ./Core/Src/usart.o
 .debug_ranges  0x00000000000001f0       0x20 ./Core/Startup/startup_stm32f103c8tx.o
 .debug_ranges  0x0000000000000210       0xd0 ./Drivers/STM32F1xx_HAL_Driver/stm32f1xx_hal.o
 .debug_ranges  0x00000000000002e0       0xf0 ./Drivers/STM32F1xx_HAL_Driver/stm32f1xx_hal_cortex.o
 .debug_ranges  0x00000000000003d0       0x48 ./Drivers/STM32F1xx_HAL_Driver/stm32f1xx_hal_gpio.o
 .debug_ranges  0x0000000000000418       0x80 ./Drivers/STM32F1xx_HAL_Driver/stm32f1xx_hal_rcc.o
 .debug_ranges  0x0000000000000498      0x3c0 ./Drivers/STM32F1xx_HAL_Driver/stm32f1xx_hal_tim.o
 .debug_ranges  0x0000000000000858      0x158 ./Drivers/STM32F1xx_HAL_Driver/stm32f1xx_hal_tim_ex.o
 .debug_ranges  0x00000000000009b0      0x220 ./Drivers/STM32F1xx_HAL_Driver/stm32f1xx_hal_uart.o

.debug_macro    0x0000000000000000    0x18ad2
 .debug_macro   0x0000000000000000      0x1b7 ./Core/Src/gpio.o
 .debug_macro   0x00000000000001b7      0xa6c ./Core/Src/gpio.o
 .debug_macro   0x0000000000000c23      0x21b ./Core/Src/gpio.o
 .debug_macro   0x0000000000000e3e       0x2e ./Core/Src/gpio.o
 .debug_macro   0x0000000000000e6c       0x22 ./Core/Src/gpio.o
 .debug_macro   0x0000000000000e8e       0x22 ./Core/Src/gpio.o
 .debug_macro   0x0000000000000eb0       0x8e ./Core/Src/gpio.o
 .debug_macro   0x0000000000000f3e       0x51 ./Core/Src/gpio.o
 .debug_macro   0x0000000000000f8f      0x103 ./Core/Src/gpio.o
 .debug_macro   0x0000000000001092       0x6a ./Core/Src/gpio.o
 .debug_macro   0x00000000000010fc      0x1df ./Core/Src/gpio.o
 .debug_macro   0x00000000000012db       0x1c ./Core/Src/gpio.o
 .debug_macro   0x00000000000012f7       0x22 ./Core/Src/gpio.o
 .debug_macro   0x0000000000001319       0xbd ./Core/Src/gpio.o
 .debug_macro   0x00000000000013d6      0xd23 ./Core/Src/gpio.o
 .debug_macro   0x00000000000020f9     0xe09e ./Core/Src/gpio.o
 .debug_macro   0x0000000000010197       0x6d ./Core/Src/gpio.o
 .debug_macro   0x0000000000010204     0x3468 ./Core/Src/gpio.o
 .debug_macro   0x000000000001366c      0x174 ./Core/Src/gpio.o
 .debug_macro   0x00000000000137e0       0x5c ./Core/Src/gpio.o
 .debug_macro   0x000000000001383c      0x5be ./Core/Src/gpio.o
 .debug_macro   0x0000000000013dfa      0x289 ./Core/Src/gpio.o
 .debug_macro   0x0000000000014083      0x1cb ./Core/Src/gpio.o
 .debug_macro   0x000000000001424e      0x114 ./Core/Src/gpio.o
 .debug_macro   0x0000000000014362      0x1b2 ./Core/Src/gpio.o
 .debug_macro   0x0000000000014514       0x27 ./Core/Src/gpio.o
 .debug_macro   0x000000000001453b      0x136 ./Core/Src/gpio.o
 .debug_macro   0x0000000000014671      0x1bc ./Core/Src/gpio.o
 .debug_macro   0x000000000001482d       0x34 ./Core/Src/gpio.o
 .debug_macro   0x0000000000014861       0x3c ./Core/Src/gpio.o
 .debug_macro   0x000000000001489d       0x57 ./Core/Src/gpio.o
 .debug_macro   0x00000000000148f4       0x88 ./Core/Src/gpio.o
 .debug_macro   0x000000000001497c      0x241 ./Core/Src/gpio.o
 .debug_macro   0x0000000000014bbd      0x141 ./Core/Src/gpio.o
 .debug_macro   0x0000000000014cfe      0x8d1 ./Core/Src/gpio.o
 .debug_macro   0x00000000000155cf      0x279 ./Core/Src/gpio.o
 .debug_macro   0x0000000000015848       0x83 ./Core/Src/gpio.o
 .debug_macro   0x00000000000158cb      0x3cb ./Core/Src/main.o
 .debug_macro   0x0000000000015c96       0x22 ./Core/Src/main.o
 .debug_macro   0x0000000000015cb8       0x52 ./Core/Src/main.o
 .debug_macro   0x0000000000015d0a       0x18 ./Core/Src/main.o
 .debug_macro   0x0000000000015d22       0x3c ./Core/Src/main.o
 .debug_macro   0x0000000000015d5e       0x34 ./Core/Src/main.o
 .debug_macro   0x0000000000015d92       0x16 ./Core/Src/main.o
 .debug_macro   0x0000000000015da8       0x43 ./Core/Src/main.o
 .debug_macro   0x0000000000015deb       0x34 ./Core/Src/main.o
 .debug_macro   0x0000000000015e1f       0x10 ./Core/Src/main.o
 .debug_macro   0x0000000000015e2f       0x58 ./Core/Src/main.o
 .debug_macro   0x0000000000015e87       0x71 ./Core/Src/main.o
 .debug_macro   0x0000000000015ef8       0x1c ./Core/Src/main.o
 .debug_macro   0x0000000000015f14      0x12a ./Core/Src/main.o
 .debug_macro   0x000000000001603e      0x341 ./Core/Src/main.o
 .debug_macro   0x000000000001637f       0x10 ./Core/Src/main.o
 .debug_macro   0x000000000001638f       0x35 ./Core/Src/main.o
 .debug_macro   0x00000000000163c4       0x20 ./Core/Src/main.o
 .debug_macro   0x00000000000163e4      0x19b ./Core/Src/main.o
 .debug_macro   0x000000000001657f       0x1c ./Core/Src/main.o
 .debug_macro   0x000000000001659b       0x10 ./Core/Src/main.o
 .debug_macro   0x00000000000165ab       0x10 ./Core/Src/main.o
 .debug_macro   0x00000000000165bb       0x1c ./Core/Src/main.o
 .debug_macro   0x00000000000165d7       0x52 ./Core/Src/main.o
 .debug_macro   0x0000000000016629       0x22 ./Core/Src/main.o
 .debug_macro   0x000000000001664b       0x10 ./Core/Src/main.o
 .debug_macro   0x000000000001665b       0x52 ./Core/Src/main.o
 .debug_macro   0x00000000000166ad       0xd5 ./Core/Src/main.o
 .debug_macro   0x0000000000016782       0x1c ./Core/Src/main.o
 .debug_macro   0x000000000001679e       0x3d ./Core/Src/main.o
 .debug_macro   0x00000000000167db       0x16 ./Core/Src/main.o
 .debug_macro   0x00000000000167f1      0x145 ./Core/Src/main.o
 .debug_macro   0x0000000000016936       0x16 ./Core/Src/main.o
 .debug_macro   0x000000000001694c       0x16 ./Core/Src/main.o
 .debug_macro   0x0000000000016962       0x29 ./Core/Src/main.o
 .debug_macro   0x000000000001698b       0x10 ./Core/Src/main.o
 .debug_macro   0x000000000001699b      0x3b3 ./Core/Src/motor.o
 .debug_macro   0x0000000000016d4e       0x56 ./Core/Src/motor.o
 .debug_macro   0x0000000000016da4      0x1c1 ./Core/Src/pid.o
 .debug_macro   0x0000000000016f65      0x3a6 ./Core/Src/serial.o
 .debug_macro   0x000000000001730b      0x1ad ./Core/Src/stm32f1xx_hal_msp.o
 .debug_macro   0x00000000000174b8      0x1b7 ./Core/Src/stm32f1xx_it.o
 .debug_macro   0x000000000001766f       0xff ./Core/Src/sysmem.o
 .debug_macro   0x000000000001776e      0x23b ./Core/Src/sysmem.o
 .debug_macro   0x00000000000179a9      0x1a3 ./Core/Src/system_stm32f1xx.o
 .debug_macro   0x0000000000017b4c      0x1b7 ./Core/Src/tim.o
 .debug_macro   0x0000000000017d03      0x1b7 ./Core/Src/usart.o
 .debug_macro   0x0000000000017eba      0x1c7 ./Drivers/STM32F1xx_HAL_Driver/stm32f1xx_hal.o
 .debug_macro   0x0000000000018081      0x1a3 ./Drivers/STM32F1xx_HAL_Driver/stm32f1xx_hal_cortex.o
 .debug_macro   0x0000000000018224      0x20e ./Drivers/STM32F1xx_HAL_Driver/stm32f1xx_hal_gpio.o
 .debug_macro   0x0000000000018432      0x1b5 ./Drivers/STM32F1xx_HAL_Driver/stm32f1xx_hal_rcc.o
 .debug_macro   0x00000000000185e7      0x1a4 ./Drivers/STM32F1xx_HAL_Driver/stm32f1xx_hal_tim.o
 .debug_macro   0x000000000001878b      0x1a3 ./Drivers/STM32F1xx_HAL_Driver/stm32f1xx_hal_tim_ex.o
 .debug_macro   0x000000000001892e      0x1a4 ./Drivers/STM32F1xx_HAL_Driver/stm32f1xx_hal_uart.o

.debug_line     0x0000000000000000     0xf94f
 .debug_line    0x0000000000000000      0x760 ./Core/Src/gpio.o
 .debug_line    0x0000000000000760      0xdaa ./Core/Src/main.o
 .debug_line    0x000000000000150a      0xbc6 ./Core/Src/motor.o
 .debug_line    0x00000000000020d0      0x80a ./Core/Src/pid.o
 .debug_line    0x00000000000028da      0xb20 ./Core/Src/serial.o
 .debug_line    0x00000000000033fa      0x752 ./Core/Src/stm32f1xx_hal_msp.o
 .debug_line    0x0000000000003b4c      0x82c ./Core/Src/stm32f1xx_it.o
 .debug_line    0x0000000000004378      0x4ea ./Core/Src/sysmem.o
 .debug_line    0x0000000000004862      0x7d0 ./Core/Src/system_stm32f1xx.o
 .debug_line    0x0000000000005032      0x91c ./Core/Src/tim.o
 .debug_line    0x000000000000594e      0x7c1 ./Core/Src/usart.o
 .debug_line    0x000000000000610f       0x87 ./Core/Startup/startup_stm32f103c8tx.o
 .debug_line    0x0000000000006196      0xa35 ./Drivers/STM32F1xx_HAL_Driver/stm32f1xx_hal.o
 .debug_line    0x0000000000006bcb      0xc1d ./Drivers/STM32F1xx_HAL_Driver/stm32f1xx_hal_cortex.o
 .debug_line    0x00000000000077e8      0xacc ./Drivers/STM32F1xx_HAL_Driver/stm32f1xx_hal_gpio.o
 .debug_line    0x00000000000082b4      0xe43 ./Drivers/STM32F1xx_HAL_Driver/stm32f1xx_hal_rcc.o
 .debug_line    0x00000000000090f7     0x33eb ./Drivers/STM32F1xx_HAL_Driver/stm32f1xx_hal_tim.o
 .debug_line    0x000000000000c4e2     0x195d ./Drivers/STM32F1xx_HAL_Driver/stm32f1xx_hal_tim_ex.o
 .debug_line    0x000000000000de3f     0x1b10 ./Drivers/STM32F1xx_HAL_Driver/stm32f1xx_hal_uart.o

.debug_str      0x0000000000000000    0x8b302
 .debug_str     0x0000000000000000    0x82fc4 ./Core/Src/gpio.o
                                      0x83301 (size before relaxing)
 .debug_str     0x0000000000082fc4     0x4f68 ./Core/Src/main.o
                                      0x88255 (size before relaxing)
 .debug_str     0x0000000000087f2c      0x114 ./Core/Src/motor.o
                                      0x880e2 (size before relaxing)
 .debug_str     0x0000000000088040       0x48 ./Core/Src/pid.o
                                      0x83787 (size before relaxing)
 .debug_str     0x0000000000088088      0x283 ./Core/Src/serial.o
                                      0x87e52 (size before relaxing)
 .debug_str     0x000000000008830b       0x5a ./Core/Src/stm32f1xx_hal_msp.o
                                      0x83289 (size before relaxing)
 .debug_str     0x0000000000088365       0xec ./Core/Src/stm32f1xx_it.o
                                      0x8378f (size before relaxing)
 .debug_str     0x0000000000088451      0x4da ./Core/Src/sysmem.o
                                       0x5d49 (size before relaxing)
 .debug_str     0x000000000008892b       0x7e ./Core/Src/system_stm32f1xx.o
                                      0x832b4 (size before relaxing)
 .debug_str     0x00000000000889a9      0x5bb ./Core/Src/tim.o
                                      0x83e10 (size before relaxing)
 .debug_str     0x0000000000088f64       0x51 ./Core/Src/usart.o
                                      0x83721 (size before relaxing)
 .debug_str     0x0000000000088fb5       0x36 ./Core/Startup/startup_stm32f103c8tx.o
                                         0x63 (size before relaxing)
 .debug_str     0x0000000000088feb      0x3bc ./Drivers/STM32F1xx_HAL_Driver/stm32f1xx_hal.o
                                      0x83a1f (size before relaxing)
 .debug_str     0x00000000000893a7      0x2c2 ./Drivers/STM32F1xx_HAL_Driver/stm32f1xx_hal_cortex.o
                                      0x8396b (size before relaxing)
 .debug_str     0x0000000000089669      0x31e ./Drivers/STM32F1xx_HAL_Driver/stm32f1xx_hal_gpio.o
                                      0x83672 (size before relaxing)
 .debug_str     0x0000000000089987      0x261 ./Drivers/STM32F1xx_HAL_Driver/stm32f1xx_hal_rcc.o
                                      0x8371b (size before relaxing)
 .debug_str     0x0000000000089be8      0xc57 ./Drivers/STM32F1xx_HAL_Driver/stm32f1xx_hal_tim.o
                                      0x84706 (size before relaxing)
 .debug_str     0x000000000008a83f      0x4cb ./Drivers/STM32F1xx_HAL_Driver/stm32f1xx_hal_tim_ex.o
                                      0x83f22 (size before relaxing)
 .debug_str     0x000000000008ad0a      0x5f8 ./Drivers/STM32F1xx_HAL_Driver/stm32f1xx_hal_uart.o
                                      0x83d26 (size before relaxing)

.comment        0x0000000000000000       0x50
 .comment       0x0000000000000000       0x50 ./Core/Src/gpio.o
                                         0x51 (size before relaxing)
 .comment       0x0000000000000050       0x51 ./Core/Src/main.o
 .comment       0x0000000000000050       0x51 ./Core/Src/motor.o
 .comment       0x0000000000000050       0x51 ./Core/Src/pid.o
 .comment       0x0000000000000050       0x51 ./Core/Src/serial.o
 .comment       0x0000000000000050       0x51 ./Core/Src/stm32f1xx_hal_msp.o
 .comment       0x0000000000000050       0x51 ./Core/Src/stm32f1xx_it.o
 .comment       0x0000000000000050       0x51 ./Core/Src/sysmem.o
 .comment       0x0000000000000050       0x51 ./Core/Src/system_stm32f1xx.o
 .comment       0x0000000000000050       0x51 ./Core/Src/tim.o
 .comment       0x0000000000000050       0x51 ./Core/Src/usart.o
 .comment       0x0000000000000050       0x51 ./Drivers/STM32F1xx_HAL_Driver/stm32f1xx_hal.o